........................................................................ [  7%]
........................................................................ [ 14%]
........................................................................ [ 22%]
........................................................................ [ 29%]
........................................................................ [ 36%]
........................................................................ [ 44%]
........................................................................ [ 51%]
........................................................................ [ 59%]
........................................................................ [ 66%]
........................................................................ [ 73%]
........................................................................ [ 81%]
........................................................................ [ 88%]
........................................................................ [ 96%]
......................................                                   [100%]
================================ tests coverage ================================
______________ coverage: platform darwin, python 3.12.13-final-0 _______________

Name                                                  Stmts   Miss Branch BrPart  Cover   Missing
-------------------------------------------------------------------------------------------------
geojax/benchmarks/common.py                              54     12     16      3    73%   44, 46, 67, 171-190, 194-196
geojax/benchmarks/correlation_frechet.py                 19      2      2      1    86%   35, 39
geojax/benchmarks/grassmann_subspace.py                  19      2      2      1    86%   35, 39
geojax/benchmarks/product_model.py                       18      2      2      1    85%   35, 39
geojax/benchmarks/spd_frechet.py                         19      2      2      1    86%   35, 39
geojax/benchmarks/sphere_eigen.py                        19      2      2      1    86%   34, 38
geojax/geometry/_numerics.py                            214     58      6      2    72%   46, 60, 64-68, 82, 91->93, 103-106, 108, 120, 129-130, 140-141, 150-151, 161-162, 172-173, 187, 218-219, 226-237, 251, 254, 268, 285, 313-314, 317, 331, 335-339, 356-357, 361-371
geojax/geometry/base.py                                 246     27     58     14    87%   23, 26-27, 29, 37, 47, 60-61, 71, 103, 125, 127, 132, 134, 140-141, 312, 323-324, 341-345, 398, 433, 438, 444, 453
geojax/geometry/correlation.py                          316      9     34      5    96%   100-101, 167, 260, 266, 346, 371, 401, 420
geojax/geometry/elementary.py                           340      4     22      2    98%   40, 43, 216, 364
geojax/geometry/euclidean.py                            108      8     18      6    89%   32, 58, 74, 81, 109, 115, 138-139
geojax/geometry/generalized.py                          254     15     26      6    92%   36, 39, 52, 54, 62, 74, 139, 151, 244-251, 311, 323, 400-406
geojax/geometry/grassmann.py                            383     25     50      9    92%   66, 69, 72, 74, 184, 190, 407, 511-516, 531-534, 583-586, 620, 638-639, 642
geojax/geometry/hyperboloid.py                          142     11      6      0    93%   167-177
geojax/geometry/lie_groups.py                           348      8     12      0    98%   34, 232-233, 251-253, 451-457
geojax/geometry/low_rank.py                             340      8     28      3    97%   48, 51-52, 59, 242, 433, 461, 515
geojax/geometry/product.py                              220     15     50      5    91%   33, 53, 69, 88, 94, 137-139, 202, 258-263
geojax/geometry/shape.py                                192      4     14      4    96%   42, 47, 104, 152
geojax/geometry/spd.py                                  522      9     46      8    97%   58, 71, 285, 438, 444, 593, 599, 789, 795
geojax/geometry/sphere.py                               180     59     24     19    61%   42, 60, 64, 70, 73-75, 78-80, 86, 89-91, 94-99, 103->104, 105-107, 110->111, 110->112, 113-115, 125-130, 136-139, 142-144, 155, 165-167, 188-190, 194-200, 225-227, 247-254, 267-272, 276, 297, 316-328, 331-339, 342->343, 342->344, 349, 351->352, 351->353, 353->356, 354, 357->358, 357->359, 360->361, 360->362, 362->363, 362->364, 366-367, 374-377
geojax/geometry/stiefel.py                              277     13     28      7    93%   44, 47, 50, 52, 130, 168, 190, 200-208, 477-478
geojax/geometry/torus.py                                 92      2      6      0    98%   42, 116
geojax/learning/_classification.py                      216      5     56      5    96%   237, 248->257, 256, 258-259, 264
geojax/learning/_clustering.py                          458     29    174     22    92%   254, 281, 380->414, 386, 393-401, 417, 484, 516, 536, 550, 552, 567, 609, 616, 683-684, 712, 757, 761, 785, 829, 852-853, 860
geojax/learning/_data.py                                434     37    232     73    78%   325->344, 327->336, 331->335, 333-334, 336->344, 337->339, 342, 352, 355, 360->364, 366, 368->371, 369, 371->375, 375->387, 377->380, 378, 380->387, 387->399, 388->394, 390, 395, 396->399, 399->400, 400->404, 401->403, 402, 406->407, 406->408, 408->414, 414->423, 424-426, 429, 432, 435->436, 435->437, 437->439, 446->448, 448->450, 449, 456->458, 458->460, 462->481, 463->464, 463->481, 470->474, 472, 489-491, 493->495, 506->507, 506->508, 511->512, 511->520, 512->514, 516->519, 524->530, 525-526, 527->528, 527->531, 532-533, 537->542, 544->546, 545, 546->548, 569-572, 579-580, 582->583, 582->584, 585, 587->588, 587->589, 589->596, 590->591, 590->592, 599, 602, 612, 615, 617->644, 620->621, 620->625, 626->639, 628, 632->637, 639->640, 639->644
geojax/learning/_dictionary.py                          206      8     46      6    94%   131, 288, 385->411, 405->385, 413-415, 430-436
geojax/learning/_embedding.py                           462     11    132     11    96%   496, 514->527, 604, 631, 639, 749, 771, 782, 787-788, 846, 855
geojax/learning/_geometry.py                             92      1     24      1    98%   48
geojax/learning/_inference.py                           191      8     48     18    88%   114->118, 142->155, 143, 146->148, 160, 170->193, 174, 180->182, 183, 201->202, 202->201, 202->203, 210, 224->227, 282->284, 284->286, 297->301, 304->317, 348, 353->355, 358, 373->375, 387
geojax/learning/_metric.py                               99      1     38      1    99%   120
geojax/learning/_response.py                            158      3     42      6    96%   357, 358->364, 364->369, 382->383, 382->384, 387->388, 389-392
geojax/learning/_results.py                             269      1      4      1    99%   412
geojax/learning/_robust.py                              209      1     52      2    99%   109->132, 154
geojax/learning/_scalable.py                            204      4     54      4    97%   49, 187, 334, 372
geojax/learning/_statistics.py                          206      4     56      6    96%   74->72, 251, 280, 303->308, 344, 443
geojax/learning/_transport.py                           257     12     90      6    95%   51->50, 62->70, 71, 239, 257, 287, 385-396
geojax/learning/_uncertainty.py                         168      2     50      2    98%   272, 363
geojax/learning/_utils.py                               189     33     74     64    62%   13, 17->18, 19, 28->29, 28->30, 31, 35->36, 37, 46, 55, 59->60, 59->61, 63->67, 65->63, 65->66, 68, 83-86, 96->100, 102, 112-115, 121->122, 123, 127->128, 127->129, 130->131, 130->132, 132->133, 132->134, 134->135, 134->136, 137->141, 138, 143, 145, 149->exit, 157->158, 157->159, 159->160, 159->161, 161->162, 161->163, 167->168, 169-184, 197->198, 197->199, 200->201, 200->202, 208, 217-222, 224->225, 224->226, 226->227, 226->228, 232->233, 234, 245->246, 245->247, 247->248, 247->249, 256->257, 258-261, 267, 272->273, 272->274, 274->275, 274->276, 276->277, 276->278, 278->281, 278->282, 283->284, 285-288
geojax/optimization/_conjugate_gradient.py              174     13     54     13    89%   164, 173->190, 191, 216, 218, 223, 226-228, 230, 264, 269-270, 278, 355
geojax/optimization/_steepest_descent.py                 55      2      6      2    93%   87, 123
geojax/optimization/_tangent_cg.py                       81     17     28     10    72%   54, 56, 76, 79, 92, 100, 112-114, 129, 152-157, 164
geojax/optimization/adaptiveregularizationcubics.py     149     37     46     14    69%   71, 76, 88, 90, 102, 138, 162->165, 192, 211, 221, 224, 229, 258, 265-292
geojax/optimization/alternatinggradient.py               88     10     16      4    85%   67-73, 77, 106, 175
geojax/optimization/barzilaiborwein.py                   81      7     20      8    83%   57, 59, 64, 96, 125->127, 127->132, 130-131, 150
geojax/optimization/gaussnewton.py                       72      6     12      5    87%   38, 72, 110, 129-130, 173
geojax/optimization/lbfgs.py                            103      4     26      8    91%   91, 96, 129->135, 130->135, 133, 151, 199->192, 200->192
geojax/optimization/levenbergmarquardt.py               100      9     22      8    86%   67, 79, 84, 87, 126, 144-146, 161->164, 199
geojax/optimization/linesearch.py                       261     32     96     23    83%   50-51, 57-58, 168, 177, 179, 182, 193, 269, 273, 343, 397, 409, 417, 419, 425, 434, 449, 489-490, 493-497, 501->531, 512, 514-517, 524, 528->501
geojax/optimization/minimize.py                         435    120    202     52    66%   77, 79, 88, 121, 159-167, 176-183, 246-256, 269, 272-278, 304, 310, 319, 321, 323, 328, 333, 337, 355, 363, 375, 377, 390, 396, 404-405, 413, 415, 419, 433-437, 447-454, 460-467, 473, 475, 499-502, 522-523, 547, 558, 561, 564, 566, 568, 570, 613->615, 629-634, 649, 651, 653, 659, 663, 675, 677, 683, 689-698, 707-712, 720-727
geojax/optimization/neldermead.py                       128     19     42     15    79%   69, 71, 94, 114, 117, 119-127, 132, 156, 158, 161, 169, 196, 207, 229, 236
geojax/optimization/newtoncg.py                          75      8     16      7    84%   65, 68, 113, 117->119, 136-137, 139-140, 182
geojax/optimization/particleswarm.py                     95      7     26      7    88%   96, 119, 122, 127, 153, 177, 203
geojax/optimization/problems.py                         169     26     66     22    80%   25, 27, 30, 36, 39, 51, 60, 69, 72, 83, 87, 113, 115, 117, 137-138, 235, 238, 253, 255, 266, 285, 287, 289, 292-293
geojax/optimization/stochasticgradient.py               177     50     60     19    65%   70-78, 90-98, 128, 138, 144, 149-151, 157-158, 188-189, 201, 214-218, 229, 232, 235->247, 249, 289, 301, 305, 307, 311, 313, 315-324
geojax/optimization/trustregions.py                     177     30     52     16    78%   70, 75, 77, 107, 162, 170, 172, 183, 189, 207, 211, 221->282, 223-224, 233, 255, 264-281
-------------------------------------------------------------------------------------------------
TOTAL                                                 10939    854   2510    559    88%

9 files skipped due to complete coverage.
Required test coverage of 85.0% reached. Total coverage: 88.47%
974 passed in 1161.76s (0:19:21)
