============================= test session starts ==============================
platform darwin -- Python 3.12.13, pytest-9.0.3, pluggy-1.6.0 -- /Users/kisung/Desktop/develop/geojax/.tox/py312-stable-float64/bin/python
cachedir: .pytest_cache
GeoJAX matrix: Python 3.12.13, JAX 0.11.0, NumPy 2.4.4, float64
rootdir: /Users/kisung/Desktop/develop/geojax
configfile: pyproject.toml
plugins: cov-7.1.0
collecting ... collected 108 items

tests/test_numerical_stability.py::test_clipped_inverse_trigonometric_kernels_have_consistent_jvps PASSED [  0%]
tests/test_numerical_stability.py::test_acos_over_sin_diverges_at_the_antipodal_cut_locus PASSED [  1%]
tests/test_numerical_stability.py::test_nonnegative_square_root_uses_zero_subgradient_at_origin PASSED [  2%]
tests/test_numerical_stability.py::test_norms_rescale_before_squaring_extreme_tangent_coordinates PASSED [  3%]
tests/test_numerical_stability.py::test_zero_and_coincident_operations_have_finite_first_derivatives[Euclidean] PASSED [  4%]
tests/test_numerical_stability.py::test_zero_and_coincident_operations_have_finite_first_derivatives[Oblique] PASSED [  5%]
tests/test_numerical_stability.py::test_zero_and_coincident_operations_have_finite_first_derivatives[ProbabilitySimplex] PASSED [  6%]
tests/test_numerical_stability.py::test_zero_and_coincident_operations_have_finite_first_derivatives[PoincareBall] PASSED [  7%]
tests/test_numerical_stability.py::test_zero_and_coincident_operations_have_finite_first_derivatives[Sphere] PASSED [  8%]
tests/test_numerical_stability.py::test_zero_and_coincident_operations_have_finite_first_derivatives[SphereExtrinsic] PASSED [  9%]
tests/test_numerical_stability.py::test_zero_and_coincident_operations_have_finite_first_derivatives[Grassmann] PASSED [ 10%]
tests/test_numerical_stability.py::test_zero_and_coincident_operations_have_finite_first_derivatives[GrassmannProjection] PASSED [ 11%]
tests/test_numerical_stability.py::test_zero_and_coincident_operations_have_finite_first_derivatives[GeneralizedStiefel] PASSED [ 12%]
tests/test_numerical_stability.py::test_zero_and_coincident_operations_have_finite_first_derivatives[GeneralizedGrassmann] PASSED [ 12%]
tests/test_numerical_stability.py::test_zero_and_coincident_operations_have_finite_first_derivatives[SPDLogEuclidean] PASSED [ 13%]
tests/test_numerical_stability.py::test_zero_and_coincident_operations_have_finite_first_derivatives[SPDAffineInvariant] PASSED [ 14%]
tests/test_numerical_stability.py::test_zero_and_coincident_operations_have_finite_first_derivatives[SPDBuresWasserstein] PASSED [ 15%]
tests/test_numerical_stability.py::test_zero_and_coincident_operations_have_finite_first_derivatives[FixedRank] PASSED [ 16%]
tests/test_numerical_stability.py::test_zero_and_coincident_operations_have_finite_first_derivatives[RankKPSD] PASSED [ 17%]
tests/test_numerical_stability.py::test_zero_and_coincident_operations_have_finite_first_derivatives[RankKPSDBuresWasserstein] PASSED [ 18%]
tests/test_numerical_stability.py::test_zero_and_coincident_operations_have_finite_first_derivatives[Elliptope] PASSED [ 19%]
tests/test_numerical_stability.py::test_zero_and_coincident_operations_have_finite_first_derivatives[Spectrahedron] PASSED [ 20%]
tests/test_numerical_stability.py::test_zero_and_coincident_operations_have_finite_first_derivatives[CorrelationECM] PASSED [ 21%]
tests/test_numerical_stability.py::test_zero_and_coincident_operations_have_finite_first_derivatives[CorrelationLEC] PASSED [ 22%]
tests/test_numerical_stability.py::test_zero_and_coincident_operations_have_finite_first_derivatives[CorrelationAffineQuotient] PASSED [ 23%]
tests/test_numerical_stability.py::test_zero_and_coincident_operations_have_finite_first_derivatives[Product] PASSED [ 24%]
tests/test_numerical_stability.py::test_zero_and_coincident_operations_have_finite_first_derivatives[Hyperboloid] PASSED [ 25%]
tests/test_numerical_stability.py::test_zero_and_coincident_operations_have_finite_first_derivatives[Torus] PASSED [ 25%]
tests/test_numerical_stability.py::test_zero_and_coincident_operations_have_finite_first_derivatives[SpecialOrthogonal] PASSED [ 26%]
tests/test_numerical_stability.py::test_zero_and_coincident_operations_have_finite_first_derivatives[SpecialEuclidean] PASSED [ 27%]
tests/test_numerical_stability.py::test_zero_and_coincident_operations_have_finite_first_derivatives[Stiefel] PASSED [ 28%]
tests/test_numerical_stability.py::test_zero_and_coincident_operations_have_finite_first_derivatives[StiefelEuclidean] PASSED [ 29%]
tests/test_numerical_stability.py::test_zero_and_coincident_operations_have_finite_first_derivatives[KendallShape] PASSED [ 30%]
tests/test_numerical_stability.py::test_coincident_logarithms_have_finite_reverse_mode_derivatives[Oblique] PASSED [ 31%]
tests/test_numerical_stability.py::test_coincident_logarithms_have_finite_reverse_mode_derivatives[ProbabilitySimplex] PASSED [ 32%]
tests/test_numerical_stability.py::test_coincident_logarithms_have_finite_reverse_mode_derivatives[Sphere] PASSED [ 33%]
tests/test_numerical_stability.py::test_coincident_logarithms_have_finite_reverse_mode_derivatives[Hyperboloid] PASSED [ 34%]
tests/test_numerical_stability.py::test_nested_batches_and_broadcast_bases_preserve_event_axes[Euclidean] PASSED [ 35%]
tests/test_numerical_stability.py::test_nested_batches_and_broadcast_bases_preserve_event_axes[Oblique] PASSED [ 36%]
tests/test_numerical_stability.py::test_nested_batches_and_broadcast_bases_preserve_event_axes[ProbabilitySimplex] PASSED [ 37%]
tests/test_numerical_stability.py::test_nested_batches_and_broadcast_bases_preserve_event_axes[PoincareBall] PASSED [ 37%]
tests/test_numerical_stability.py::test_nested_batches_and_broadcast_bases_preserve_event_axes[Sphere] PASSED [ 38%]
tests/test_numerical_stability.py::test_nested_batches_and_broadcast_bases_preserve_event_axes[SphereExtrinsic] PASSED [ 39%]
tests/test_numerical_stability.py::test_nested_batches_and_broadcast_bases_preserve_event_axes[Grassmann] PASSED [ 40%]
tests/test_numerical_stability.py::test_nested_batches_and_broadcast_bases_preserve_event_axes[GrassmannProjection] PASSED [ 41%]
tests/test_numerical_stability.py::test_nested_batches_and_broadcast_bases_preserve_event_axes[GeneralizedStiefel] PASSED [ 42%]
tests/test_numerical_stability.py::test_nested_batches_and_broadcast_bases_preserve_event_axes[GeneralizedGrassmann] PASSED [ 43%]
tests/test_numerical_stability.py::test_nested_batches_and_broadcast_bases_preserve_event_axes[SPDLogEuclidean] PASSED [ 44%]
tests/test_numerical_stability.py::test_nested_batches_and_broadcast_bases_preserve_event_axes[SPDAffineInvariant] PASSED [ 45%]
tests/test_numerical_stability.py::test_nested_batches_and_broadcast_bases_preserve_event_axes[SPDBuresWasserstein] PASSED [ 46%]
tests/test_numerical_stability.py::test_nested_batches_and_broadcast_bases_preserve_event_axes[FixedRank] PASSED [ 47%]
tests/test_numerical_stability.py::test_nested_batches_and_broadcast_bases_preserve_event_axes[RankKPSD] PASSED [ 48%]
tests/test_numerical_stability.py::test_nested_batches_and_broadcast_bases_preserve_event_axes[RankKPSDBuresWasserstein] PASSED [ 49%]
tests/test_numerical_stability.py::test_nested_batches_and_broadcast_bases_preserve_event_axes[Elliptope] PASSED [ 50%]
tests/test_numerical_stability.py::test_nested_batches_and_broadcast_bases_preserve_event_axes[Spectrahedron] PASSED [ 50%]
tests/test_numerical_stability.py::test_nested_batches_and_broadcast_bases_preserve_event_axes[CorrelationECM] PASSED [ 51%]
tests/test_numerical_stability.py::test_nested_batches_and_broadcast_bases_preserve_event_axes[CorrelationLEC] PASSED [ 52%]
tests/test_numerical_stability.py::test_nested_batches_and_broadcast_bases_preserve_event_axes[CorrelationAffineQuotient] PASSED [ 53%]
tests/test_numerical_stability.py::test_nested_batches_and_broadcast_bases_preserve_event_axes[Product] PASSED [ 54%]
tests/test_numerical_stability.py::test_nested_batches_and_broadcast_bases_preserve_event_axes[Hyperboloid] PASSED [ 55%]
tests/test_numerical_stability.py::test_nested_batches_and_broadcast_bases_preserve_event_axes[Torus] PASSED [ 56%]
tests/test_numerical_stability.py::test_nested_batches_and_broadcast_bases_preserve_event_axes[SpecialOrthogonal] PASSED [ 57%]
tests/test_numerical_stability.py::test_nested_batches_and_broadcast_bases_preserve_event_axes[SpecialEuclidean] PASSED [ 58%]
tests/test_numerical_stability.py::test_nested_batches_and_broadcast_bases_preserve_event_axes[Stiefel] PASSED [ 59%]
tests/test_numerical_stability.py::test_nested_batches_and_broadcast_bases_preserve_event_axes[StiefelEuclidean] PASSED [ 60%]
tests/test_numerical_stability.py::test_nested_batches_and_broadcast_bases_preserve_event_axes[KendallShape] PASSED [ 61%]
tests/test_numerical_stability.py::test_normalized_random_tangents_have_requested_riemannian_scale[Euclidean] PASSED [ 62%]
tests/test_numerical_stability.py::test_normalized_random_tangents_have_requested_riemannian_scale[Oblique] PASSED [ 62%]
tests/test_numerical_stability.py::test_normalized_random_tangents_have_requested_riemannian_scale[ProbabilitySimplex] PASSED [ 63%]
tests/test_numerical_stability.py::test_normalized_random_tangents_have_requested_riemannian_scale[PoincareBall] PASSED [ 64%]
tests/test_numerical_stability.py::test_normalized_random_tangents_have_requested_riemannian_scale[Sphere] PASSED [ 65%]
tests/test_numerical_stability.py::test_normalized_random_tangents_have_requested_riemannian_scale[SphereExtrinsic] PASSED [ 66%]
tests/test_numerical_stability.py::test_normalized_random_tangents_have_requested_riemannian_scale[Grassmann] PASSED [ 67%]
tests/test_numerical_stability.py::test_normalized_random_tangents_have_requested_riemannian_scale[GrassmannProjection] PASSED [ 68%]
tests/test_numerical_stability.py::test_normalized_random_tangents_have_requested_riemannian_scale[GeneralizedStiefel] PASSED [ 69%]
tests/test_numerical_stability.py::test_normalized_random_tangents_have_requested_riemannian_scale[GeneralizedGrassmann] PASSED [ 70%]
tests/test_numerical_stability.py::test_normalized_random_tangents_have_requested_riemannian_scale[SPDLogEuclidean] PASSED [ 71%]
tests/test_numerical_stability.py::test_normalized_random_tangents_have_requested_riemannian_scale[SPDAffineInvariant] PASSED [ 72%]
tests/test_numerical_stability.py::test_normalized_random_tangents_have_requested_riemannian_scale[SPDBuresWasserstein] PASSED [ 73%]
tests/test_numerical_stability.py::test_normalized_random_tangents_have_requested_riemannian_scale[FixedRank] PASSED [ 74%]
tests/test_numerical_stability.py::test_normalized_random_tangents_have_requested_riemannian_scale[RankKPSD] PASSED [ 75%]
tests/test_numerical_stability.py::test_normalized_random_tangents_have_requested_riemannian_scale[RankKPSDBuresWasserstein] PASSED [ 75%]
tests/test_numerical_stability.py::test_normalized_random_tangents_have_requested_riemannian_scale[Elliptope] PASSED [ 76%]
tests/test_numerical_stability.py::test_normalized_random_tangents_have_requested_riemannian_scale[Spectrahedron] PASSED [ 77%]
tests/test_numerical_stability.py::test_normalized_random_tangents_have_requested_riemannian_scale[CorrelationECM] PASSED [ 78%]
tests/test_numerical_stability.py::test_normalized_random_tangents_have_requested_riemannian_scale[CorrelationLEC] PASSED [ 79%]
tests/test_numerical_stability.py::test_normalized_random_tangents_have_requested_riemannian_scale[CorrelationAffineQuotient] PASSED [ 80%]
tests/test_numerical_stability.py::test_normalized_random_tangents_have_requested_riemannian_scale[Product] PASSED [ 81%]
tests/test_numerical_stability.py::test_normalized_random_tangents_have_requested_riemannian_scale[Hyperboloid] PASSED [ 82%]
tests/test_numerical_stability.py::test_normalized_random_tangents_have_requested_riemannian_scale[Torus] PASSED [ 83%]
tests/test_numerical_stability.py::test_normalized_random_tangents_have_requested_riemannian_scale[SpecialOrthogonal] PASSED [ 84%]
tests/test_numerical_stability.py::test_normalized_random_tangents_have_requested_riemannian_scale[SpecialEuclidean] PASSED [ 85%]
tests/test_numerical_stability.py::test_normalized_random_tangents_have_requested_riemannian_scale[Stiefel] PASSED [ 86%]
tests/test_numerical_stability.py::test_normalized_random_tangents_have_requested_riemannian_scale[StiefelEuclidean] PASSED [ 87%]
tests/test_numerical_stability.py::test_normalized_random_tangents_have_requested_riemannian_scale[KendallShape] PASSED [ 87%]
tests/test_numerical_stability.py::test_exponential_jvp_matches_directional_finite_difference[Sphere] PASSED [ 88%]
tests/test_numerical_stability.py::test_exponential_jvp_matches_directional_finite_difference[Hyperboloid] PASSED [ 89%]
tests/test_numerical_stability.py::test_exponential_jvp_matches_directional_finite_difference[PoincareBall] PASSED [ 90%]
tests/test_numerical_stability.py::test_exponential_jvp_matches_directional_finite_difference[Grassmann] PASSED [ 91%]
tests/test_numerical_stability.py::test_exponential_jvp_matches_directional_finite_difference[SPDAffineInvariant] PASSED [ 92%]
tests/test_numerical_stability.py::test_exponential_jvp_matches_directional_finite_difference[SpecialOrthogonal] PASSED [ 93%]
tests/test_numerical_stability.py::test_spd_repeated_spectrum_has_finite_values_and_gradients[SPDLogEuclidean] PASSED [ 94%]
tests/test_numerical_stability.py::test_spd_repeated_spectrum_has_finite_values_and_gradients[SPDAffineInvariant] PASSED [ 95%]
tests/test_numerical_stability.py::test_spd_repeated_spectrum_has_finite_values_and_gradients[SPDBuresWasserstein] PASSED [ 96%]
tests/test_numerical_stability.py::test_genuine_sphere_cut_locus_remains_explicit PASSED [ 97%]
tests/test_numerical_stability.py::test_sphere_log_remains_accurate_near_but_off_the_cut_locus PASSED [ 98%]
tests/test_numerical_stability.py::test_grassmann_cut_locus_has_finite_distance_but_no_selected_logarithm PASSED [ 99%]
tests/test_numerical_stability.py::test_hyperboloid_poincare_roundtrip_and_distance_agree PASSED [100%]

============================= slowest 15 durations =============================
21.59s call     tests/test_numerical_stability.py::test_zero_and_coincident_operations_have_finite_first_derivatives[GeneralizedStiefel]
15.19s call     tests/test_numerical_stability.py::test_zero_and_coincident_operations_have_finite_first_derivatives[StiefelEuclidean]
14.33s call     tests/test_numerical_stability.py::test_nested_batches_and_broadcast_bases_preserve_event_axes[GeneralizedStiefel]
10.52s call     tests/test_numerical_stability.py::test_zero_and_coincident_operations_have_finite_first_derivatives[Stiefel]
6.35s call     tests/test_numerical_stability.py::test_nested_batches_and_broadcast_bases_preserve_event_axes[Grassmann]
6.08s call     tests/test_numerical_stability.py::test_zero_and_coincident_operations_have_finite_first_derivatives[Grassmann]
6.03s call     tests/test_numerical_stability.py::test_nested_batches_and_broadcast_bases_preserve_event_axes[Stiefel]
5.58s call     tests/test_numerical_stability.py::test_nested_batches_and_broadcast_bases_preserve_event_axes[StiefelEuclidean]
4.66s call     tests/test_numerical_stability.py::test_zero_and_coincident_operations_have_finite_first_derivatives[GeneralizedGrassmann]
4.11s call     tests/test_numerical_stability.py::test_zero_and_coincident_operations_have_finite_first_derivatives[SPDLogEuclidean]
4.10s call     tests/test_numerical_stability.py::test_zero_and_coincident_operations_have_finite_first_derivatives[KendallShape]
4.02s call     tests/test_numerical_stability.py::test_nested_batches_and_broadcast_bases_preserve_event_axes[SPDLogEuclidean]
3.68s call     tests/test_numerical_stability.py::test_zero_and_coincident_operations_have_finite_first_derivatives[Oblique]
3.60s call     tests/test_numerical_stability.py::test_zero_and_coincident_operations_have_finite_first_derivatives[GrassmannProjection]
3.29s call     tests/test_numerical_stability.py::test_nested_batches_and_broadcast_bases_preserve_event_axes[GeneralizedGrassmann]
======================= 108 passed in 184.32s (0:03:04) ========================
