Processing /private/tmp/geojax-corrections/dist/geojax-0.2.0-py3-none-any.whl
Collecting jax>=0.6 (from geojax==0.2.0)
  Using cached jax-0.11.1-py3-none-any.whl.metadata (13 kB)
Collecting numpy>=1.26 (from geojax==0.2.0)
  Downloading numpy-2.5.3-cp313-cp313-macosx_14_0_arm64.whl.metadata (6.6 kB)
Collecting jaxlib<=0.11.1,>=0.11.1 (from jax>=0.6->geojax==0.2.0)
  Downloading jaxlib-0.11.1-cp313-cp313-macosx_11_0_arm64.whl.metadata (1.3 kB)
Collecting ml_dtypes>=0.5.0 (from jax>=0.6->geojax==0.2.0)
  Downloading ml_dtypes-0.6.0-cp313-cp313-macosx_10_13_universal2.whl.metadata (8.8 kB)
Collecting opt_einsum (from jax>=0.6->geojax==0.2.0)
  Using cached opt_einsum-3.4.0-py3-none-any.whl.metadata (6.3 kB)
Collecting scipy>=1.15 (from jax>=0.6->geojax==0.2.0)
  Downloading scipy-1.18.1-cp313-cp313-macosx_14_0_arm64.whl.metadata (62 kB)
Using cached jax-0.11.1-py3-none-any.whl (3.3 MB)
Downloading jaxlib-0.11.1-cp313-cp313-macosx_11_0_arm64.whl (63.2 MB)
   ━━━━━━━━━━━━━━━━━━━━━━━━━━━━━━━━━━━━━━━━ 63.2/63.2 MB 42.8 MB/s  0:00:01
Downloading ml_dtypes-0.6.0-cp313-cp313-macosx_10_13_universal2.whl (565 kB)
   ━━━━━━━━━━━━━━━━━━━━━━━━━━━━━━━━━━━━━━━━ 565.5/565.5 kB 20.5 MB/s  0:00:00
Downloading numpy-2.5.3-cp313-cp313-macosx_14_0_arm64.whl (5.4 MB)
   ━━━━━━━━━━━━━━━━━━━━━━━━━━━━━━━━━━━━━━━━ 5.4/5.4 MB 44.7 MB/s  0:00:00
Downloading scipy-1.18.1-cp313-cp313-macosx_14_0_arm64.whl (20.5 MB)
   ━━━━━━━━━━━━━━━━━━━━━━━━━━━━━━━━━━━━━━━━ 20.5/20.5 MB 43.3 MB/s  0:00:00
Using cached opt_einsum-3.4.0-py3-none-any.whl (71 kB)
Installing collected packages: opt_einsum, numpy, scipy, ml_dtypes, jaxlib, jax, geojax

Successfully installed geojax-0.2.0 jax-0.11.1 jaxlib-0.11.1 ml_dtypes-0.6.0 numpy-2.5.3 opt_einsum-3.4.0 scipy-1.18.1
No broken requirements found.
geojax-0.2.0-py3-none-any.whl: imported GeoJAX 0.2.0 from /private/var/folders/d7/f3pc8_lj28s325sl08mrk43w0000gn/T/geojax-package-smoke-16cdaac8/environment/lib/python3.13/site-packages/geojax
Processing /private/tmp/geojax-corrections/dist/geojax-0.2.0.tar.gz
  Installing build dependencies: started
  Installing build dependencies: finished with status 'done'
  Getting requirements to build wheel: started
  Getting requirements to build wheel: finished with status 'done'
  Preparing metadata (pyproject.toml): started
  Preparing metadata (pyproject.toml): finished with status 'done'
Collecting jax>=0.6 (from geojax==0.2.0)
  Using cached jax-0.11.1-py3-none-any.whl.metadata (13 kB)
Collecting numpy>=1.26 (from geojax==0.2.0)
  Using cached numpy-2.5.3-cp313-cp313-macosx_14_0_arm64.whl.metadata (6.6 kB)
Collecting jaxlib<=0.11.1,>=0.11.1 (from jax>=0.6->geojax==0.2.0)
  Using cached jaxlib-0.11.1-cp313-cp313-macosx_11_0_arm64.whl.metadata (1.3 kB)
Collecting ml_dtypes>=0.5.0 (from jax>=0.6->geojax==0.2.0)
  Using cached ml_dtypes-0.6.0-cp313-cp313-macosx_10_13_universal2.whl.metadata (8.8 kB)
Collecting opt_einsum (from jax>=0.6->geojax==0.2.0)
  Using cached opt_einsum-3.4.0-py3-none-any.whl.metadata (6.3 kB)
Collecting scipy>=1.15 (from jax>=0.6->geojax==0.2.0)
  Using cached scipy-1.18.1-cp313-cp313-macosx_14_0_arm64.whl.metadata (62 kB)
Using cached jax-0.11.1-py3-none-any.whl (3.3 MB)
Using cached jaxlib-0.11.1-cp313-cp313-macosx_11_0_arm64.whl (63.2 MB)
Using cached ml_dtypes-0.6.0-cp313-cp313-macosx_10_13_universal2.whl (565 kB)
Using cached numpy-2.5.3-cp313-cp313-macosx_14_0_arm64.whl (5.4 MB)
Using cached scipy-1.18.1-cp313-cp313-macosx_14_0_arm64.whl (20.5 MB)
Using cached opt_einsum-3.4.0-py3-none-any.whl (71 kB)
Building wheels for collected packages: geojax
  Building wheel for geojax (pyproject.toml): started
  Building wheel for geojax (pyproject.toml): finished with status 'done'
  Created wheel for geojax: filename=geojax-0.2.0-py3-none-any.whl size=226803 sha256=031ea89878e6ea4be073be0add5451a70e03b42fbf12c892e55c5ebc3d1b8957
  Stored in directory: /private/tmp/geojax-corrections/pip-cache/wheels/79/46/0c/a995fbf7bce56864d9ee4cb1fa3b17c4a47ab0705d9bd93b24
Successfully built geojax
Installing collected packages: opt_einsum, numpy, scipy, ml_dtypes, jaxlib, jax, geojax

Successfully installed geojax-0.2.0 jax-0.11.1 jaxlib-0.11.1 ml_dtypes-0.6.0 numpy-2.5.3 opt_einsum-3.4.0 scipy-1.18.1
No broken requirements found.
geojax-0.2.0.tar.gz: imported GeoJAX 0.2.0 from /private/var/folders/d7/f3pc8_lj28s325sl08mrk43w0000gn/T/geojax-package-smoke-9qni7x9d/environment/lib/python3.13/site-packages/geojax
sha256  d255ff16d81e519ea4a851f3f35b3d2d167c7b6f576eef3dcfefc5ceb9af797a  geojax-0.2.0-py3-none-any.whl
sha256  e7f7701e6b0b552b3eaf0075fb4b04cedd633c8af0ec810eb047761f7d6715aa  geojax-0.2.0.tar.gz
