/Users/kisung/miniconda3/bin/python -m sphinx -E -a -W --keep-going -b html docs /private/tmp/geojax-corrections/site
Running Sphinx v9.1.0
loading translations [en]... done
making output directory... done
myst v5.1.0: MdParserConfig(commonmark_only=False, gfm_only=False, enable_extensions={'colon_fence', 'amsmath', 'deflist', 'fieldlist', 'dollarmath', 'substitution'}, disable_syntax=[], all_links_external=False, links_external_new_tab=False, url_schemes=('http', 'https', 'mailto', 'ftp'), ref_domains=None, fence_as_directive=set(), number_code_blocks=[], title_to_header=False, heading_anchors=3, heading_slug_func=None, html_meta={}, footnote_sort=True, footnote_transition=True, words_per_minute=200, substitutions={}, linkify_fuzzy_links=True, dmath_allow_labels=True, dmath_allow_space=True, dmath_allow_digits=True, dmath_double_inline=False, update_mathjax=True, mathjax_classes='tex2jax_process|mathjax_process|math|output_area', enable_checkboxes=False, strikethrough_single_tilde=False, colon_fence_exact_match=False, suppress_warnings=[], highlight_code_blocks=True)
myst-nb v1.4.0: NbParserConfig(custom_formats={}, metadata_key='mystnb', cell_metadata_key='mystnb', kernel_rgx_aliases={}, eval_name_regex='^[a-zA-Z_][a-zA-Z0-9_]*$', execution_mode='force', execution_cache_path='', execution_excludepatterns=(), execution_timeout=300, execution_in_temp=False, execution_allow_errors=False, execution_raise_on_error=True, execution_show_tb=False, merge_streams=True, render_plugin='default', remove_code_source=False, remove_code_outputs=False, scroll_outputs=False, code_prompt_show='Show code cell {type}', code_prompt_hide='Hide code cell {type}', number_source_lines=False, output_stderr='show', render_text_lexer='myst-ansi', render_error_lexer='ipythontb', render_image_options={}, render_figure_options={}, render_markdown_format='commonmark', output_folder='build', append_css=True, metadata_to_fm=False)
Using jupyter-cache at: /private/tmp/geojax-corrections/.jupyter_cache
checking bibtex cache... out of date
parsing bibtex file /private/tmp/geojax-corrections/documentation/docs/references.bib... parsed 74 entries
building [mo]: all of 0 po files
writing output... 
building [html]: all source files
updating environment: [new config] 43 added, 0 changed, 0 removed
reading sources... [  2%] api/geometry
reading sources... [  5%] api/index
reading sources... [  7%] api/learning
reading sources... [  9%] api/optimization
reading sources... [ 12%] development/documentation
reading sources... [ 14%] development/geometry_protocol
reading sources... [ 16%] development/index
reading sources... [ 19%] development/learning_protocol
reading sources... [ 21%] development/optimization_protocol
reading sources... [ 23%] development/testing
reading sources... [ 26%] getting_started/index
reading sources... [ 28%] guide/foundations
reading sources... [ 30%] guide/geometry
reading sources... [ 33%] guide/index
reading sources... [ 35%] guide/learning
reading sources... [ 37%] guide/optimization
reading sources... [ 40%] index
reading sources... [ 42%] tutorials/barycentric_dictionary
/private/tmp/geojax-corrections/documentation/docs/tutorials/barycentric_dictionary.md: Executing notebook using local CWD [mystnb]
WARNING: Aborted attempted copy from /private/tmp/geojax-corrections/documentation/docs/_static/brand/geojax-gj-mark-dark.png to /private/tmp/geojax-corrections/site/_static (the destination path has existing data). [misc.copy_overwrite]


Versions
========

* Platform:         darwin; (macOS-26.6.2-arm64-arm-64bit-Mach-O)
* Python version:   3.13.11 (CPython)
* Sphinx version:   9.1.0
* Docutils version: 0.22.4
* Jinja2 version:   3.1.6
* Pygments version: 2.19.2

Last Messages
=============

    reading sources... [ 37%]
    guide/optimization

    reading sources... [ 40%]
    index

    reading sources... [ 42%]
    tutorials/barycentric_dictionary

    /private/tmp/geojax-corrections/documentation/docs/tutorials/barycentric_dictionary.md: Executing notebook using local CWD [mystnb]

Loaded Extensions
=================

* sphinx.ext.mathjax (9.1.0)
* alabaster (1.0.0)
* sphinxcontrib.applehelp (2.0.0)
* sphinxcontrib.devhelp (2.0.0)
* sphinxcontrib.htmlhelp (2.1.0)
* sphinxcontrib.serializinghtml (2.0.0)
* sphinxcontrib.qthelp (2.0.0)
* myst_nb (1.4.0)
* sphinxcontrib.bibtex (2.7.0)
* sphinx.ext.autodoc (9.1.0)
* sphinx.ext.napoleon (9.1.0)
* sphinx_copybutton (0.5.2)
* pydata_sphinx_theme (unknown version)

Traceback
=========

      File "/Users/kisung/miniconda3/lib/python3.13/site-packages/jupyter_client/connect.py", line 755, in find_available_port
        tmp_sock.bind((ip, 0))
        ~~~~~~~~~~~~~^^^^^^^^^
    PermissionError: [Errno 1] Operation not permitted


The full traceback has been saved in:
/var/folders/d7/f3pc8_lj28s325sl08mrk43w0000gn/T/sphinx-err-ctmewu1s.log

To report this error to the developers, please open an issue at <https://github.com/sphinx-doc/sphinx/issues/>. Thanks!
Please also report this if it was a user error, so that a better error message can be provided next time.
make: *** [website] Error 2
