PID 33199 JAX 0.10.0 JIT_PROJECTION True
START CELL 0 10:05:16
data shape: (7, 2, 2)
all observations are SPD: True
END {"stage": "cell_0", "wall_seconds": 3.30836708300194, "cpu_seconds": 2.730309}
START CELL 1 10:05:20
START _code_one 10:05:21
END {"stage": "_code_one", "wall_seconds": 5.392273790996114, "cpu_seconds": 6.0674589999999995}
START _code_one 10:05:39
END {"stage": "_code_one", "wall_seconds": 0.6002303749992279, "cpu_seconds": 0.2735990000000008}
START _code_one 10:05:45
END {"stage": "_code_one", "wall_seconds": 0.553921166996588, "cpu_seconds": 0.2857319999999959}
START _code_one 10:05:47
END {"stage": "_code_one", "wall_seconds": 0.3083931669971207, "cpu_seconds": 0.2512609999999995}
START _code_one 10:05:48
END {"stage": "_code_one", "wall_seconds": 0.35487600000487873, "cpu_seconds": 0.2838419999999999}
START _code_one 10:05:48
END {"stage": "_code_one", "wall_seconds": 0.36770358299691, "cpu_seconds": 0.30044699999999835}
START _code_one 10:05:49
END {"stage": "_code_one", "wall_seconds": 0.3472940830033622, "cpu_seconds": 0.2643470000000008}
START geodesic_barycentric_coding 10:05:51
START _code_one 10:05:51
END {"stage": "_code_one", "wall_seconds": 0.24138891699840315, "cpu_seconds": 0.21298600000000079}
START _code_one 10:05:52
END {"stage": "_code_one", "wall_seconds": 0.2200844170001801, "cpu_seconds": 0.21192699999999576}
START _code_one 10:05:52
END {"stage": "_code_one", "wall_seconds": 0.18699937500059605, "cpu_seconds": 0.1778320000000022}
START _code_one 10:05:53
END {"stage": "_code_one", "wall_seconds": 0.2848743750000722, "cpu_seconds": 0.21600500000000267}
START _code_one 10:05:53
END {"stage": "_code_one", "wall_seconds": 0.22915433399612084, "cpu_seconds": 0.20156499999999866}
START _code_one 10:05:54
END {"stage": "_code_one", "wall_seconds": 0.32406329100194853, "cpu_seconds": 0.26339800000000224}
START _code_one 10:05:55
END {"stage": "_code_one", "wall_seconds": 0.26643041600618744, "cpu_seconds": 0.2261589999999991}
END {"stage": "geodesic_barycentric_coding", "wall_seconds": 5.18003291599598, "cpu_seconds": 4.228334}
START _optimize_atoms 10:05:56
END {"stage": "_optimize_atoms", "wall_seconds": 30.436176167000667, "cpu_seconds": 16.307208000000006}
START geodesic_barycentric_coding 10:06:27
START _code_one 10:06:27
END {"stage": "_code_one", "wall_seconds": 0.25036425000143936, "cpu_seconds": 0.18983699999999715}
START _code_one 10:06:28
END {"stage": "_code_one", "wall_seconds": 0.3975887499982491, "cpu_seconds": 0.24690099999998694}
START _code_one 10:06:30
END {"stage": "_code_one", "wall_seconds": 0.9375767910023569, "cpu_seconds": 0.34951600000000127}
START _code_one 10:06:32
END {"stage": "_code_one", "wall_seconds": 0.5876872090011602, "cpu_seconds": 0.2876179999999948}
START _code_one 10:06:33
END {"stage": "_code_one", "wall_seconds": 0.30776691600476624, "cpu_seconds": 0.24478400000000278}
START _code_one 10:06:34
END {"stage": "_code_one", "wall_seconds": 0.2496077920004609, "cpu_seconds": 0.20504199999999884}
START _code_one 10:06:35
END {"stage": "_code_one", "wall_seconds": 0.3764526669983752, "cpu_seconds": 0.27451900000000506}
END {"stage": "geodesic_barycentric_coding", "wall_seconds": 8.640511000005063, "cpu_seconds": 4.683303999999993}
initial coding objective: 0.0948966
learned dictionary objective: 0.0577330
simplex sums: [1. 1. 1. 1. 1. 1. 1.]
outer dictionary updates: 1
END {"stage": "cell_1", "wall_seconds": 76.30786162499862, "cpu_seconds": 48.379489}
