PID 34080 JAX 0.10.0 JIT_PROJECTION True
START CELL 0 10:07:25
data shape: (7, 2, 2)
all observations are SPD: True
END {"stage": "cell_0", "wall_seconds": 3.9285480420003296, "cpu_seconds": 2.5784730000000002}
START CELL 1 10:07:29
START _code_one 10:07:30
END {"stage": "_code_one", "wall_seconds": 4.931655041997146, "cpu_seconds": 5.786242}
START _code_one 10:07:41
END {"stage": "_code_one", "wall_seconds": 1.3264275420006015, "cpu_seconds": 1.1301190000000005}
START _code_one 10:07:45
END {"stage": "_code_one", "wall_seconds": 0.9507610840009875, "cpu_seconds": 0.7500870000000042}
START _code_one 10:07:47
END {"stage": "_code_one", "wall_seconds": 0.8264356250001583, "cpu_seconds": 0.7629940000000026}
START _code_one 10:07:49
END {"stage": "_code_one", "wall_seconds": 1.5449474999986705, "cpu_seconds": 1.1906679999999987}
START _code_one 10:07:51
END {"stage": "_code_one", "wall_seconds": 1.6950569589971565, "cpu_seconds": 1.3665659999999988}
START _code_one 10:07:55
END {"stage": "_code_one", "wall_seconds": 1.7492642090001027, "cpu_seconds": 0.9522890000000004}
START geodesic_barycentric_coding 10:08:01
START _code_one 10:08:01
END {"stage": "_code_one", "wall_seconds": 2.090830624998489, "cpu_seconds": 0.9911279999999998}
START _code_one 10:08:04
END {"stage": "_code_one", "wall_seconds": 1.9306215830001747, "cpu_seconds": 1.0818210000000015}
START _code_one 10:08:07
END {"stage": "_code_one", "wall_seconds": 0.6126251669993508, "cpu_seconds": 0.4790089999999978}
START _code_one 10:08:08
END {"stage": "_code_one", "wall_seconds": 0.8696596250010771, "cpu_seconds": 0.6561930000000018}
START _code_one 10:08:10
END {"stage": "_code_one", "wall_seconds": 1.1169847499986645, "cpu_seconds": 0.6165649999999943}
START _code_one 10:08:11
END {"stage": "_code_one", "wall_seconds": 2.307587916999182, "cpu_seconds": 1.4228749999999977}
START _code_one 10:08:14
END {"stage": "_code_one", "wall_seconds": 1.6010178750002524, "cpu_seconds": 0.9196499999999972}
END {"stage": "geodesic_barycentric_coding", "wall_seconds": 14.955874749997747, "cpu_seconds": 9.211776}
START _optimize_atoms 10:08:16
END {"stage": "_optimize_atoms", "wall_seconds": 14.89785066699551, "cpu_seconds": 14.884286000000003}
START geodesic_barycentric_coding 10:08:31
START _code_one 10:08:31
END {"stage": "_code_one", "wall_seconds": 2.2048572080020676, "cpu_seconds": 1.6231950000000026}
START _code_one 10:08:34
END {"stage": "_code_one", "wall_seconds": 2.193318541998451, "cpu_seconds": 1.9854410000000087}
START _code_one 10:08:37
END {"stage": "_code_one", "wall_seconds": 1.7973339589952957, "cpu_seconds": 1.402979000000002}
START _code_one 10:08:39
END {"stage": "_code_one", "wall_seconds": 1.3740848749948782, "cpu_seconds": 1.1532419999999988}
START _code_one 10:08:41
END {"stage": "_code_one", "wall_seconds": 1.1959974169949419, "cpu_seconds": 1.1437060000000017}
START _code_one 10:08:43
END {"stage": "_code_one", "wall_seconds": 0.5892032080009812, "cpu_seconds": 0.5098760000000055}
START _code_one 10:08:44
END {"stage": "_code_one", "wall_seconds": 1.8142373750015395, "cpu_seconds": 1.4269699999999972}
END {"stage": "geodesic_barycentric_coding", "wall_seconds": 15.138613750001241, "cpu_seconds": 12.655114999999995}
initial coding objective: 0.0948966
learned dictionary objective: 0.0577330
simplex sums: [1. 1. 1. 1. 1. 1. 1.]
outer dictionary updates: 1
END {"stage": "cell_1", "wall_seconds": 77.52512366599694, "cpu_seconds": 63.84835499999999}
