* Getting build dependencies for sdist...
running egg_info
writing geojax.egg-info/PKG-INFO
writing dependency_links to geojax.egg-info/dependency_links.txt
writing requirements to geojax.egg-info/requires.txt
writing top-level names to geojax.egg-info/top_level.txt
reading manifest file 'geojax.egg-info/SOURCES.txt'
reading manifest template 'MANIFEST.in'
adding license file 'LICENSE'
writing manifest file 'geojax.egg-info/SOURCES.txt'
* Building sdist...
running sdist
running egg_info
writing geojax.egg-info/PKG-INFO
writing dependency_links to geojax.egg-info/dependency_links.txt
writing requirements to geojax.egg-info/requires.txt
writing top-level names to geojax.egg-info/top_level.txt
reading manifest file 'geojax.egg-info/SOURCES.txt'
reading manifest template 'MANIFEST.in'
adding license file 'LICENSE'
writing manifest file 'geojax.egg-info/SOURCES.txt'
running check
creating geojax-0.2.0
creating geojax-0.2.0/docs
creating geojax-0.2.0/docs/_static
creating geojax-0.2.0/docs/_static/brand
creating geojax-0.2.0/docs/_static/data/eeg
creating geojax-0.2.0/docs/_static/data/hands
creating geojax-0.2.0/docs/_static/fonts
creating geojax-0.2.0/docs/_static/tutorials
creating geojax-0.2.0/docs/api
creating geojax-0.2.0/docs/development
creating geojax-0.2.0/docs/getting_started
creating geojax-0.2.0/docs/guide
creating geojax-0.2.0/docs/tutorials
creating geojax-0.2.0/geojax
creating geojax-0.2.0/geojax.egg-info
creating geojax-0.2.0/geojax/benchmarks
creating geojax-0.2.0/geojax/examples
creating geojax-0.2.0/geojax/geometry
creating geojax-0.2.0/geojax/learning
creating geojax-0.2.0/geojax/optimization
creating geojax-0.2.0/scripts
creating geojax-0.2.0/tests
copying files to geojax-0.2.0...
copying .python-versions -> geojax-0.2.0
copying CHANGELOG.md -> geojax-0.2.0
copying CITATION.cff -> geojax-0.2.0
copying LICENSE -> geojax-0.2.0
copying MANIFEST.in -> geojax-0.2.0
copying Makefile -> geojax-0.2.0
copying README.md -> geojax-0.2.0
copying RELEASING.md -> geojax-0.2.0
copying THIRD_PARTY_NOTICES.md -> geojax-0.2.0
copying pyproject.toml -> geojax-0.2.0
copying tox.ini -> geojax-0.2.0
copying docs/__init__.py -> geojax-0.2.0/docs
copying docs/audit_html.py -> geojax-0.2.0/docs
copying docs/conf.py -> geojax-0.2.0/docs
copying docs/index.md -> geojax-0.2.0/docs
copying docs/references.bib -> geojax-0.2.0/docs
copying docs/_static/custom.css -> geojax-0.2.0/docs/_static
copying docs/_static/brand/geojax-favicon.png -> geojax-0.2.0/docs/_static/brand
copying docs/_static/brand/geojax-gj-favicon.png -> geojax-0.2.0/docs/_static/brand
copying docs/_static/brand/geojax-gj-lockup-dark.png -> geojax-0.2.0/docs/_static/brand
copying docs/_static/brand/geojax-gj-lockup.png -> geojax-0.2.0/docs/_static/brand
copying docs/_static/brand/geojax-gj-mark-dark.png -> geojax-0.2.0/docs/_static/brand
copying docs/_static/brand/geojax-gj-mark.png -> geojax-0.2.0/docs/_static/brand
copying docs/_static/brand/geojax-lockup-dark.png -> geojax-0.2.0/docs/_static/brand
copying docs/_static/brand/geojax-lockup.png -> geojax-0.2.0/docs/_static/brand
copying docs/_static/brand/geojax-logo-concept.png -> geojax-0.2.0/docs/_static/brand
copying docs/_static/brand/geojax-mark-dark.png -> geojax-0.2.0/docs/_static/brand
copying docs/_static/brand/geojax-mark.png -> geojax-0.2.0/docs/_static/brand
copying docs/_static/data/eeg/NOTICE.txt -> geojax-0.2.0/docs/_static/data/eeg
copying docs/_static/data/eeg/physionet_motor_imagery.npz -> geojax-0.2.0/docs/_static/data/eeg
copying docs/_static/data/hands/NOTICE.txt -> geojax-0.2.0/docs/_static/data/hands
copying docs/_static/data/hands/hands.txt -> geojax-0.2.0/docs/_static/data/hands
copying docs/_static/data/hands/labels.txt -> geojax-0.2.0/docs/_static/data/hands
copying docs/_static/fonts/sora-OFL.txt -> geojax-0.2.0/docs/_static/fonts
copying docs/_static/fonts/sora-medium.ttf -> geojax-0.2.0/docs/_static/fonts
copying docs/_static/tutorials/barycentric-dictionary.png -> geojax-0.2.0/docs/_static/tutorials
copying docs/_static/tutorials/clustering-comparison.png -> geojax-0.2.0/docs/_static/tutorials
copying docs/_static/tutorials/dimension-reduction.png -> geojax-0.2.0/docs/_static/tutorials
copying docs/_static/tutorials/graph-curvature.png -> geojax-0.2.0/docs/_static/tutorials
copying docs/_static/tutorials/grassmann-metric-learning.png -> geojax-0.2.0/docs/_static/tutorials
copying docs/_static/tutorials/grassmann-pca.png -> geojax-0.2.0/docs/_static/tutorials
copying docs/_static/tutorials/hyperbolic-geodesics.png -> geojax-0.2.0/docs/_static/tutorials
copying docs/_static/tutorials/hyperbolic-kmeans.png -> geojax-0.2.0/docs/_static/tutorials
copying docs/_static/tutorials/kendall-hand-shapes.png -> geojax-0.2.0/docs/_static/tutorials
copying docs/_static/tutorials/manifold-autoencoder.png -> geojax-0.2.0/docs/_static/tutorials
copying docs/_static/tutorials/manifold-classification.png -> geojax-0.2.0/docs/_static/tutorials
copying docs/_static/tutorials/manifold-response-regression.png -> geojax-0.2.0/docs/_static/tutorials
copying docs/_static/tutorials/optimal-transport.png -> geojax-0.2.0/docs/_static/tutorials
copying docs/_static/tutorials/product-adapter.png -> geojax-0.2.0/docs/_static/tutorials
copying docs/_static/tutorials/rigid-registration.png -> geojax-0.2.0/docs/_static/tutorials
copying docs/_static/tutorials/robust-scalable-learning.png -> geojax-0.2.0/docs/_static/tutorials
copying docs/_static/tutorials/robust-spherical-summaries.png -> geojax-0.2.0/docs/_static/tutorials
copying docs/_static/tutorials/semi-supervised-circle.png -> geojax-0.2.0/docs/_static/tutorials
copying docs/_static/tutorials/solver-comparison.png -> geojax-0.2.0/docs/_static/tutorials
copying docs/_static/tutorials/spd-eeg-classifier.png -> geojax-0.2.0/docs/_static/tutorials
copying docs/_static/tutorials/spd-frechet-mean.png -> geojax-0.2.0/docs/_static/tutorials
copying docs/_static/tutorials/spd-pga-regression.png -> geojax-0.2.0/docs/_static/tutorials
copying docs/_static/tutorials/sphere-eigenvector.png -> geojax-0.2.0/docs/_static/tutorials
copying docs/_static/tutorials/torus-geodesics.png -> geojax-0.2.0/docs/_static/tutorials
copying docs/_static/tutorials/two-sample-inference.png -> geojax-0.2.0/docs/_static/tutorials
copying docs/api/geometry.md -> geojax-0.2.0/docs/api
copying docs/api/index.md -> geojax-0.2.0/docs/api
copying docs/api/learning.md -> geojax-0.2.0/docs/api
copying docs/api/optimization.md -> geojax-0.2.0/docs/api
copying docs/development/documentation.md -> geojax-0.2.0/docs/development
copying docs/development/geometry_protocol.md -> geojax-0.2.0/docs/development
copying docs/development/index.md -> geojax-0.2.0/docs/development
copying docs/development/learning_protocol.md -> geojax-0.2.0/docs/development
copying docs/development/optimization_protocol.md -> geojax-0.2.0/docs/development
copying docs/development/testing.md -> geojax-0.2.0/docs/development
copying docs/getting_started/index.md -> geojax-0.2.0/docs/getting_started
copying docs/guide/foundations.md -> geojax-0.2.0/docs/guide
copying docs/guide/geometry.md -> geojax-0.2.0/docs/guide
copying docs/guide/index.md -> geojax-0.2.0/docs/guide
copying docs/guide/learning.md -> geojax-0.2.0/docs/guide
copying docs/guide/optimization.md -> geojax-0.2.0/docs/guide
copying docs/tutorials/barycentric_dictionary.md -> geojax-0.2.0/docs/tutorials
copying docs/tutorials/clustering_comparison.md -> geojax-0.2.0/docs/tutorials
copying docs/tutorials/dimension_reduction.md -> geojax-0.2.0/docs/tutorials
copying docs/tutorials/graph_curvature.md -> geojax-0.2.0/docs/tutorials
copying docs/tutorials/grassmann_metric_learning.md -> geojax-0.2.0/docs/tutorials
copying docs/tutorials/grassmann_pca.md -> geojax-0.2.0/docs/tutorials
copying docs/tutorials/hyperbolic_geodesics.md -> geojax-0.2.0/docs/tutorials
copying docs/tutorials/hyperbolic_kmeans.md -> geojax-0.2.0/docs/tutorials
copying docs/tutorials/index.md -> geojax-0.2.0/docs/tutorials
copying docs/tutorials/kendall_hand_shapes.md -> geojax-0.2.0/docs/tutorials
copying docs/tutorials/manifold_autoencoder.md -> geojax-0.2.0/docs/tutorials
copying docs/tutorials/manifold_classification.md -> geojax-0.2.0/docs/tutorials
copying docs/tutorials/manifold_response_regression.md -> geojax-0.2.0/docs/tutorials
copying docs/tutorials/optimal_transport.md -> geojax-0.2.0/docs/tutorials
copying docs/tutorials/product_adapter.md -> geojax-0.2.0/docs/tutorials
copying docs/tutorials/rigid_registration.md -> geojax-0.2.0/docs/tutorials
copying docs/tutorials/robust_scalable_learning.md -> geojax-0.2.0/docs/tutorials
copying docs/tutorials/robust_spherical_summaries.md -> geojax-0.2.0/docs/tutorials
copying docs/tutorials/semi_supervised_circle.md -> geojax-0.2.0/docs/tutorials
copying docs/tutorials/solver_comparison.md -> geojax-0.2.0/docs/tutorials
copying docs/tutorials/spd_eeg_classifier.md -> geojax-0.2.0/docs/tutorials
copying docs/tutorials/spd_frechet_mean.md -> geojax-0.2.0/docs/tutorials
copying docs/tutorials/spd_pga_regression.md -> geojax-0.2.0/docs/tutorials
copying docs/tutorials/sphere_eigenvector.md -> geojax-0.2.0/docs/tutorials
copying docs/tutorials/torus_geodesics.md -> geojax-0.2.0/docs/tutorials
copying docs/tutorials/two_sample_inference.md -> geojax-0.2.0/docs/tutorials
copying geojax/__init__.py -> geojax-0.2.0/geojax
copying geojax/py.typed -> geojax-0.2.0/geojax
copying geojax.egg-info/PKG-INFO -> geojax-0.2.0/geojax.egg-info
copying geojax.egg-info/SOURCES.txt -> geojax-0.2.0/geojax.egg-info
copying geojax.egg-info/dependency_links.txt -> geojax-0.2.0/geojax.egg-info
copying geojax.egg-info/requires.txt -> geojax-0.2.0/geojax.egg-info
copying geojax.egg-info/top_level.txt -> geojax-0.2.0/geojax.egg-info
copying geojax/benchmarks/__init__.py -> geojax-0.2.0/geojax/benchmarks
copying geojax/benchmarks/common.py -> geojax-0.2.0/geojax/benchmarks
copying geojax/benchmarks/correlation_frechet.py -> geojax-0.2.0/geojax/benchmarks
copying geojax/benchmarks/grassmann_subspace.py -> geojax-0.2.0/geojax/benchmarks
copying geojax/benchmarks/product_model.py -> geojax-0.2.0/geojax/benchmarks
copying geojax/benchmarks/spd_frechet.py -> geojax-0.2.0/geojax/benchmarks
copying geojax/benchmarks/sphere_eigen.py -> geojax-0.2.0/geojax/benchmarks
copying geojax/examples/largest_eigenvector.py -> geojax-0.2.0/geojax/examples
copying geojax/examples/spd_frechet_mean.py -> geojax-0.2.0/geojax/examples
copying geojax/geometry/__init__.py -> geojax-0.2.0/geojax/geometry
copying geojax/geometry/_numerics.py -> geojax-0.2.0/geojax/geometry
copying geojax/geometry/base.py -> geojax-0.2.0/geojax/geometry
copying geojax/geometry/correlation.py -> geojax-0.2.0/geojax/geometry
copying geojax/geometry/elementary.py -> geojax-0.2.0/geojax/geometry
copying geojax/geometry/euclidean.py -> geojax-0.2.0/geojax/geometry
copying geojax/geometry/generalized.py -> geojax-0.2.0/geojax/geometry
copying geojax/geometry/grassmann.py -> geojax-0.2.0/geojax/geometry
copying geojax/geometry/hyperboloid.py -> geojax-0.2.0/geojax/geometry
copying geojax/geometry/lie_groups.py -> geojax-0.2.0/geojax/geometry
copying geojax/geometry/low_rank.py -> geojax-0.2.0/geojax/geometry
copying geojax/geometry/product.py -> geojax-0.2.0/geojax/geometry
copying geojax/geometry/shape.py -> geojax-0.2.0/geojax/geometry
copying geojax/geometry/spd.py -> geojax-0.2.0/geojax/geometry
copying geojax/geometry/sphere.py -> geojax-0.2.0/geojax/geometry
copying geojax/geometry/stiefel.py -> geojax-0.2.0/geojax/geometry
copying geojax/geometry/torus.py -> geojax-0.2.0/geojax/geometry
copying geojax/learning/__init__.py -> geojax-0.2.0/geojax/learning
copying geojax/learning/_capabilities.py -> geojax-0.2.0/geojax/learning
copying geojax/learning/_classification.py -> geojax-0.2.0/geojax/learning
copying geojax/learning/_clustering.py -> geojax-0.2.0/geojax/learning
copying geojax/learning/_data.py -> geojax-0.2.0/geojax/learning
copying geojax/learning/_dictionary.py -> geojax-0.2.0/geojax/learning
copying geojax/learning/_embedding.py -> geojax-0.2.0/geojax/learning
copying geojax/learning/_features.py -> geojax-0.2.0/geojax/learning
copying geojax/learning/_geometry.py -> geojax-0.2.0/geojax/learning
copying geojax/learning/_inference.py -> geojax-0.2.0/geojax/learning
copying geojax/learning/_metric.py -> geojax-0.2.0/geojax/learning
copying geojax/learning/_regression.py -> geojax-0.2.0/geojax/learning
copying geojax/learning/_response.py -> geojax-0.2.0/geojax/learning
copying geojax/learning/_results.py -> geojax-0.2.0/geojax/learning
copying geojax/learning/_robust.py -> geojax-0.2.0/geojax/learning
copying geojax/learning/_scalable.py -> geojax-0.2.0/geojax/learning
copying geojax/learning/_semisupervised.py -> geojax-0.2.0/geojax/learning
copying geojax/learning/_statistics.py -> geojax-0.2.0/geojax/learning
copying geojax/learning/_transport.py -> geojax-0.2.0/geojax/learning
copying geojax/learning/_uncertainty.py -> geojax-0.2.0/geojax/learning
copying geojax/learning/_utils.py -> geojax-0.2.0/geojax/learning
copying geojax/optimization/__init__.py -> geojax-0.2.0/geojax/optimization
copying geojax/optimization/_conjugate_gradient.py -> geojax-0.2.0/geojax/optimization
copying geojax/optimization/_steepest_descent.py -> geojax-0.2.0/geojax/optimization
copying geojax/optimization/_tangent_cg.py -> geojax-0.2.0/geojax/optimization
copying geojax/optimization/adaptiveregularizationcubics.py -> geojax-0.2.0/geojax/optimization
copying geojax/optimization/alternatinggradient.py -> geojax-0.2.0/geojax/optimization
copying geojax/optimization/barzilaiborwein.py -> geojax-0.2.0/geojax/optimization
copying geojax/optimization/gaussnewton.py -> geojax-0.2.0/geojax/optimization
copying geojax/optimization/lbfgs.py -> geojax-0.2.0/geojax/optimization
copying geojax/optimization/levenbergmarquardt.py -> geojax-0.2.0/geojax/optimization
copying geojax/optimization/linesearch.py -> geojax-0.2.0/geojax/optimization
copying geojax/optimization/minimize.py -> geojax-0.2.0/geojax/optimization
copying geojax/optimization/neldermead.py -> geojax-0.2.0/geojax/optimization
copying geojax/optimization/newtoncg.py -> geojax-0.2.0/geojax/optimization
copying geojax/optimization/particleswarm.py -> geojax-0.2.0/geojax/optimization
copying geojax/optimization/problems.py -> geojax-0.2.0/geojax/optimization
copying geojax/optimization/stochasticgradient.py -> geojax-0.2.0/geojax/optimization
copying geojax/optimization/trustregions.py -> geojax-0.2.0/geojax/optimization
copying scripts/assert_installed_package.py -> geojax-0.2.0/scripts
copying scripts/check_release_source.py -> geojax-0.2.0/scripts
copying scripts/smoke_package.py -> geojax-0.2.0/scripts
copying tests/conftest.py -> geojax-0.2.0/tests
copying tests/test_benchmarks.py -> geojax-0.2.0/tests
copying tests/test_correctness_audit.py -> geojax-0.2.0/tests
copying tests/test_correlation.py -> geojax-0.2.0/tests
copying tests/test_documentation.py -> geojax-0.2.0/tests
copying tests/test_elementary_geometries.py -> geojax-0.2.0/tests
copying tests/test_generalized_geometry.py -> geojax-0.2.0/tests
copying tests/test_geometry_interface.py -> geojax-0.2.0/tests
copying tests/test_grassmann.py -> geojax-0.2.0/tests
copying tests/test_hyperboloid_torus.py -> geojax-0.2.0/tests
copying tests/test_jax_transformations.py -> geojax-0.2.0/tests
copying tests/test_learning.py -> geojax-0.2.0/tests
copying tests/test_learning_data.py -> geojax-0.2.0/tests
copying tests/test_learning_dictionary_robust_semisupervised.py -> geojax-0.2.0/tests
copying tests/test_learning_edge_contracts.py -> geojax-0.2.0/tests
copying tests/test_learning_embedding_metric.py -> geojax-0.2.0/tests
copying tests/test_learning_geometry_audit.py -> geojax-0.2.0/tests
copying tests/test_learning_statistics_clustering.py -> geojax-0.2.0/tests
copying tests/test_learning_supervised.py -> geojax-0.2.0/tests
copying tests/test_learning_transport_inference.py -> geojax-0.2.0/tests
copying tests/test_learning_uncertainty_scalable.py -> geojax-0.2.0/tests
copying tests/test_lie_groups.py -> geojax-0.2.0/tests
copying tests/test_linesearch.py -> geojax-0.2.0/tests
copying tests/test_logarithm_audit_fixes.py -> geojax-0.2.0/tests
copying tests/test_low_rank.py -> geojax-0.2.0/tests
copying tests/test_low_rank_audit_fixes.py -> geojax-0.2.0/tests
copying tests/test_numerical_stability.py -> geojax-0.2.0/tests
copying tests/test_optimization.py -> geojax-0.2.0/tests
copying tests/test_optimization_extended.py -> geojax-0.2.0/tests
copying tests/test_optimizer_audit_fixes.py -> geojax-0.2.0/tests
copying tests/test_optional_transport.py -> geojax-0.2.0/tests
copying tests/test_product.py -> geojax-0.2.0/tests
copying tests/test_release_contract.py -> geojax-0.2.0/tests
copying tests/test_shape.py -> geojax-0.2.0/tests
copying tests/test_shape_audit_fixes.py -> geojax-0.2.0/tests
copying tests/test_spd.py -> geojax-0.2.0/tests
copying tests/test_spd_audit_fixes.py -> geojax-0.2.0/tests
copying tests/test_spd_exponential_audit.py -> geojax-0.2.0/tests
copying tests/test_spd_projection_audit.py -> geojax-0.2.0/tests
copying tests/test_sphere.py -> geojax-0.2.0/tests
copying tests/test_stiefel.py -> geojax-0.2.0/tests
copying geojax.egg-info/SOURCES.txt -> geojax-0.2.0/geojax.egg-info
Writing geojax-0.2.0/setup.cfg
Creating tar archive
removing 'geojax-0.2.0' (and everything under it)
* Building wheel from sdist
* Getting build dependencies for wheel...
running egg_info
writing geojax.egg-info/PKG-INFO
writing dependency_links to geojax.egg-info/dependency_links.txt
writing requirements to geojax.egg-info/requires.txt
writing top-level names to geojax.egg-info/top_level.txt
reading manifest file 'geojax.egg-info/SOURCES.txt'
reading manifest template 'MANIFEST.in'
adding license file 'LICENSE'
writing manifest file 'geojax.egg-info/SOURCES.txt'
* Building wheel...
running bdist_wheel
running build
running build_py
creating build/lib/geojax
copying geojax/__init__.py -> build/lib/geojax
creating build/lib/geojax/learning
copying geojax/learning/_classification.py -> build/lib/geojax/learning
copying geojax/learning/_data.py -> build/lib/geojax/learning
copying geojax/learning/_results.py -> build/lib/geojax/learning
copying geojax/learning/_capabilities.py -> build/lib/geojax/learning
copying geojax/learning/_robust.py -> build/lib/geojax/learning
copying geojax/learning/_regression.py -> build/lib/geojax/learning
copying geojax/learning/_clustering.py -> build/lib/geojax/learning
copying geojax/learning/_response.py -> build/lib/geojax/learning
copying geojax/learning/_features.py -> build/lib/geojax/learning
copying geojax/learning/_semisupervised.py -> build/lib/geojax/learning
copying geojax/learning/__init__.py -> build/lib/geojax/learning
copying geojax/learning/_transport.py -> build/lib/geojax/learning
copying geojax/learning/_embedding.py -> build/lib/geojax/learning
copying geojax/learning/_metric.py -> build/lib/geojax/learning
copying geojax/learning/_uncertainty.py -> build/lib/geojax/learning
copying geojax/learning/_geometry.py -> build/lib/geojax/learning
copying geojax/learning/_statistics.py -> build/lib/geojax/learning
copying geojax/learning/_scalable.py -> build/lib/geojax/learning
copying geojax/learning/_dictionary.py -> build/lib/geojax/learning
copying geojax/learning/_inference.py -> build/lib/geojax/learning
copying geojax/learning/_utils.py -> build/lib/geojax/learning
creating build/lib/geojax/optimization
copying geojax/optimization/linesearch.py -> build/lib/geojax/optimization
copying geojax/optimization/alternatinggradient.py -> build/lib/geojax/optimization
copying geojax/optimization/trustregions.py -> build/lib/geojax/optimization
copying geojax/optimization/levenbergmarquardt.py -> build/lib/geojax/optimization
copying geojax/optimization/stochasticgradient.py -> build/lib/geojax/optimization
copying geojax/optimization/adaptiveregularizationcubics.py -> build/lib/geojax/optimization
copying geojax/optimization/__init__.py -> build/lib/geojax/optimization
copying geojax/optimization/minimize.py -> build/lib/geojax/optimization
copying geojax/optimization/barzilaiborwein.py -> build/lib/geojax/optimization
copying geojax/optimization/newtoncg.py -> build/lib/geojax/optimization
copying geojax/optimization/problems.py -> build/lib/geojax/optimization
copying geojax/optimization/_steepest_descent.py -> build/lib/geojax/optimization
copying geojax/optimization/gaussnewton.py -> build/lib/geojax/optimization
copying geojax/optimization/lbfgs.py -> build/lib/geojax/optimization
copying geojax/optimization/neldermead.py -> build/lib/geojax/optimization
copying geojax/optimization/_tangent_cg.py -> build/lib/geojax/optimization
copying geojax/optimization/_conjugate_gradient.py -> build/lib/geojax/optimization
copying geojax/optimization/particleswarm.py -> build/lib/geojax/optimization
creating build/lib/geojax/examples
copying geojax/examples/spd_frechet_mean.py -> build/lib/geojax/examples
copying geojax/examples/largest_eigenvector.py -> build/lib/geojax/examples
creating build/lib/geojax/benchmarks
copying geojax/benchmarks/product_model.py -> build/lib/geojax/benchmarks
copying geojax/benchmarks/__init__.py -> build/lib/geojax/benchmarks
copying geojax/benchmarks/grassmann_subspace.py -> build/lib/geojax/benchmarks
copying geojax/benchmarks/common.py -> build/lib/geojax/benchmarks
copying geojax/benchmarks/sphere_eigen.py -> build/lib/geojax/benchmarks
copying geojax/benchmarks/spd_frechet.py -> build/lib/geojax/benchmarks
copying geojax/benchmarks/correlation_frechet.py -> build/lib/geojax/benchmarks
creating build/lib/geojax/geometry
copying geojax/geometry/hyperboloid.py -> build/lib/geojax/geometry
copying geojax/geometry/elementary.py -> build/lib/geojax/geometry
copying geojax/geometry/low_rank.py -> build/lib/geojax/geometry
copying geojax/geometry/torus.py -> build/lib/geojax/geometry
copying geojax/geometry/lie_groups.py -> build/lib/geojax/geometry
copying geojax/geometry/spd.py -> build/lib/geojax/geometry
copying geojax/geometry/__init__.py -> build/lib/geojax/geometry
copying geojax/geometry/generalized.py -> build/lib/geojax/geometry
copying geojax/geometry/product.py -> build/lib/geojax/geometry
copying geojax/geometry/shape.py -> build/lib/geojax/geometry
copying geojax/geometry/_numerics.py -> build/lib/geojax/geometry
copying geojax/geometry/stiefel.py -> build/lib/geojax/geometry
copying geojax/geometry/correlation.py -> build/lib/geojax/geometry
copying geojax/geometry/base.py -> build/lib/geojax/geometry
copying geojax/geometry/sphere.py -> build/lib/geojax/geometry
copying geojax/geometry/euclidean.py -> build/lib/geojax/geometry
copying geojax/geometry/grassmann.py -> build/lib/geojax/geometry
running egg_info
writing geojax.egg-info/PKG-INFO
writing dependency_links to geojax.egg-info/dependency_links.txt
writing requirements to geojax.egg-info/requires.txt
writing top-level names to geojax.egg-info/top_level.txt
reading manifest file 'geojax.egg-info/SOURCES.txt'
reading manifest template 'MANIFEST.in'
adding license file 'LICENSE'
writing manifest file 'geojax.egg-info/SOURCES.txt'
copying geojax/py.typed -> build/lib/geojax
installing to build/bdist.macosx-12.1-arm64/wheel
running install
running install_lib
creating build/bdist.macosx-12.1-arm64/wheel
creating build/bdist.macosx-12.1-arm64/wheel/geojax
creating build/bdist.macosx-12.1-arm64/wheel/geojax/learning
copying build/lib/geojax/learning/_classification.py -> build/bdist.macosx-12.1-arm64/wheel/./geojax/learning
copying build/lib/geojax/learning/_data.py -> build/bdist.macosx-12.1-arm64/wheel/./geojax/learning
copying build/lib/geojax/learning/_results.py -> build/bdist.macosx-12.1-arm64/wheel/./geojax/learning
copying build/lib/geojax/learning/_capabilities.py -> build/bdist.macosx-12.1-arm64/wheel/./geojax/learning
copying build/lib/geojax/learning/_robust.py -> build/bdist.macosx-12.1-arm64/wheel/./geojax/learning
copying build/lib/geojax/learning/_regression.py -> build/bdist.macosx-12.1-arm64/wheel/./geojax/learning
copying build/lib/geojax/learning/_clustering.py -> build/bdist.macosx-12.1-arm64/wheel/./geojax/learning
copying build/lib/geojax/learning/_response.py -> build/bdist.macosx-12.1-arm64/wheel/./geojax/learning
copying build/lib/geojax/learning/_features.py -> build/bdist.macosx-12.1-arm64/wheel/./geojax/learning
copying build/lib/geojax/learning/_semisupervised.py -> build/bdist.macosx-12.1-arm64/wheel/./geojax/learning
copying build/lib/geojax/learning/__init__.py -> build/bdist.macosx-12.1-arm64/wheel/./geojax/learning
copying build/lib/geojax/learning/_transport.py -> build/bdist.macosx-12.1-arm64/wheel/./geojax/learning
copying build/lib/geojax/learning/_embedding.py -> build/bdist.macosx-12.1-arm64/wheel/./geojax/learning
copying build/lib/geojax/learning/_metric.py -> build/bdist.macosx-12.1-arm64/wheel/./geojax/learning
copying build/lib/geojax/learning/_uncertainty.py -> build/bdist.macosx-12.1-arm64/wheel/./geojax/learning
copying build/lib/geojax/learning/_geometry.py -> build/bdist.macosx-12.1-arm64/wheel/./geojax/learning
copying build/lib/geojax/learning/_statistics.py -> build/bdist.macosx-12.1-arm64/wheel/./geojax/learning
copying build/lib/geojax/learning/_scalable.py -> build/bdist.macosx-12.1-arm64/wheel/./geojax/learning
copying build/lib/geojax/learning/_dictionary.py -> build/bdist.macosx-12.1-arm64/wheel/./geojax/learning
copying build/lib/geojax/learning/_inference.py -> build/bdist.macosx-12.1-arm64/wheel/./geojax/learning
copying build/lib/geojax/learning/_utils.py -> build/bdist.macosx-12.1-arm64/wheel/./geojax/learning
creating build/bdist.macosx-12.1-arm64/wheel/geojax/optimization
copying build/lib/geojax/optimization/linesearch.py -> build/bdist.macosx-12.1-arm64/wheel/./geojax/optimization
copying build/lib/geojax/optimization/alternatinggradient.py -> build/bdist.macosx-12.1-arm64/wheel/./geojax/optimization
copying build/lib/geojax/optimization/trustregions.py -> build/bdist.macosx-12.1-arm64/wheel/./geojax/optimization
copying build/lib/geojax/optimization/levenbergmarquardt.py -> build/bdist.macosx-12.1-arm64/wheel/./geojax/optimization
copying build/lib/geojax/optimization/stochasticgradient.py -> build/bdist.macosx-12.1-arm64/wheel/./geojax/optimization
copying build/lib/geojax/optimization/adaptiveregularizationcubics.py -> build/bdist.macosx-12.1-arm64/wheel/./geojax/optimization
copying build/lib/geojax/optimization/__init__.py -> build/bdist.macosx-12.1-arm64/wheel/./geojax/optimization
copying build/lib/geojax/optimization/minimize.py -> build/bdist.macosx-12.1-arm64/wheel/./geojax/optimization
copying build/lib/geojax/optimization/barzilaiborwein.py -> build/bdist.macosx-12.1-arm64/wheel/./geojax/optimization
copying build/lib/geojax/optimization/newtoncg.py -> build/bdist.macosx-12.1-arm64/wheel/./geojax/optimization
copying build/lib/geojax/optimization/problems.py -> build/bdist.macosx-12.1-arm64/wheel/./geojax/optimization
copying build/lib/geojax/optimization/_steepest_descent.py -> build/bdist.macosx-12.1-arm64/wheel/./geojax/optimization
copying build/lib/geojax/optimization/gaussnewton.py -> build/bdist.macosx-12.1-arm64/wheel/./geojax/optimization
copying build/lib/geojax/optimization/lbfgs.py -> build/bdist.macosx-12.1-arm64/wheel/./geojax/optimization
copying build/lib/geojax/optimization/neldermead.py -> build/bdist.macosx-12.1-arm64/wheel/./geojax/optimization
copying build/lib/geojax/optimization/_tangent_cg.py -> build/bdist.macosx-12.1-arm64/wheel/./geojax/optimization
copying build/lib/geojax/optimization/_conjugate_gradient.py -> build/bdist.macosx-12.1-arm64/wheel/./geojax/optimization
copying build/lib/geojax/optimization/particleswarm.py -> build/bdist.macosx-12.1-arm64/wheel/./geojax/optimization
copying build/lib/geojax/__init__.py -> build/bdist.macosx-12.1-arm64/wheel/./geojax
creating build/bdist.macosx-12.1-arm64/wheel/geojax/examples
copying build/lib/geojax/examples/spd_frechet_mean.py -> build/bdist.macosx-12.1-arm64/wheel/./geojax/examples
copying build/lib/geojax/examples/largest_eigenvector.py -> build/bdist.macosx-12.1-arm64/wheel/./geojax/examples
creating build/bdist.macosx-12.1-arm64/wheel/geojax/benchmarks
copying build/lib/geojax/benchmarks/product_model.py -> build/bdist.macosx-12.1-arm64/wheel/./geojax/benchmarks
copying build/lib/geojax/benchmarks/__init__.py -> build/bdist.macosx-12.1-arm64/wheel/./geojax/benchmarks
copying build/lib/geojax/benchmarks/grassmann_subspace.py -> build/bdist.macosx-12.1-arm64/wheel/./geojax/benchmarks
copying build/lib/geojax/benchmarks/common.py -> build/bdist.macosx-12.1-arm64/wheel/./geojax/benchmarks
copying build/lib/geojax/benchmarks/sphere_eigen.py -> build/bdist.macosx-12.1-arm64/wheel/./geojax/benchmarks
copying build/lib/geojax/benchmarks/spd_frechet.py -> build/bdist.macosx-12.1-arm64/wheel/./geojax/benchmarks
copying build/lib/geojax/benchmarks/correlation_frechet.py -> build/bdist.macosx-12.1-arm64/wheel/./geojax/benchmarks
copying build/lib/geojax/py.typed -> build/bdist.macosx-12.1-arm64/wheel/./geojax
creating build/bdist.macosx-12.1-arm64/wheel/geojax/geometry
copying build/lib/geojax/geometry/hyperboloid.py -> build/bdist.macosx-12.1-arm64/wheel/./geojax/geometry
copying build/lib/geojax/geometry/elementary.py -> build/bdist.macosx-12.1-arm64/wheel/./geojax/geometry
copying build/lib/geojax/geometry/low_rank.py -> build/bdist.macosx-12.1-arm64/wheel/./geojax/geometry
copying build/lib/geojax/geometry/torus.py -> build/bdist.macosx-12.1-arm64/wheel/./geojax/geometry
copying build/lib/geojax/geometry/lie_groups.py -> build/bdist.macosx-12.1-arm64/wheel/./geojax/geometry
copying build/lib/geojax/geometry/spd.py -> build/bdist.macosx-12.1-arm64/wheel/./geojax/geometry
copying build/lib/geojax/geometry/__init__.py -> build/bdist.macosx-12.1-arm64/wheel/./geojax/geometry
copying build/lib/geojax/geometry/generalized.py -> build/bdist.macosx-12.1-arm64/wheel/./geojax/geometry
copying build/lib/geojax/geometry/product.py -> build/bdist.macosx-12.1-arm64/wheel/./geojax/geometry
copying build/lib/geojax/geometry/shape.py -> build/bdist.macosx-12.1-arm64/wheel/./geojax/geometry
copying build/lib/geojax/geometry/_numerics.py -> build/bdist.macosx-12.1-arm64/wheel/./geojax/geometry
copying build/lib/geojax/geometry/stiefel.py -> build/bdist.macosx-12.1-arm64/wheel/./geojax/geometry
copying build/lib/geojax/geometry/correlation.py -> build/bdist.macosx-12.1-arm64/wheel/./geojax/geometry
copying build/lib/geojax/geometry/base.py -> build/bdist.macosx-12.1-arm64/wheel/./geojax/geometry
copying build/lib/geojax/geometry/sphere.py -> build/bdist.macosx-12.1-arm64/wheel/./geojax/geometry
copying build/lib/geojax/geometry/euclidean.py -> build/bdist.macosx-12.1-arm64/wheel/./geojax/geometry
copying build/lib/geojax/geometry/grassmann.py -> build/bdist.macosx-12.1-arm64/wheel/./geojax/geometry
running install_egg_info
Copying geojax.egg-info to build/bdist.macosx-12.1-arm64/wheel/./geojax-0.2.0-py3.13.egg-info
running install_scripts
creating build/bdist.macosx-12.1-arm64/wheel/geojax-0.2.0.dist-info/WHEEL
creating '/private/tmp/geojax-corrections/dist/.tmp-z6hxx1ra/geojax-0.2.0-py3-none-any.whl' and adding 'build/bdist.macosx-12.1-arm64/wheel' to it
adding 'geojax/__init__.py'
adding 'geojax/py.typed'
adding 'geojax/benchmarks/__init__.py'
adding 'geojax/benchmarks/common.py'
adding 'geojax/benchmarks/correlation_frechet.py'
adding 'geojax/benchmarks/grassmann_subspace.py'
adding 'geojax/benchmarks/product_model.py'
adding 'geojax/benchmarks/spd_frechet.py'
adding 'geojax/benchmarks/sphere_eigen.py'
adding 'geojax/examples/largest_eigenvector.py'
adding 'geojax/examples/spd_frechet_mean.py'
adding 'geojax/geometry/__init__.py'
adding 'geojax/geometry/_numerics.py'
adding 'geojax/geometry/base.py'
adding 'geojax/geometry/correlation.py'
adding 'geojax/geometry/elementary.py'
adding 'geojax/geometry/euclidean.py'
adding 'geojax/geometry/generalized.py'
adding 'geojax/geometry/grassmann.py'
adding 'geojax/geometry/hyperboloid.py'
adding 'geojax/geometry/lie_groups.py'
adding 'geojax/geometry/low_rank.py'
adding 'geojax/geometry/product.py'
adding 'geojax/geometry/shape.py'
adding 'geojax/geometry/spd.py'
adding 'geojax/geometry/sphere.py'
adding 'geojax/geometry/stiefel.py'
adding 'geojax/geometry/torus.py'
adding 'geojax/learning/__init__.py'
adding 'geojax/learning/_capabilities.py'
adding 'geojax/learning/_classification.py'
adding 'geojax/learning/_clustering.py'
adding 'geojax/learning/_data.py'
adding 'geojax/learning/_dictionary.py'
adding 'geojax/learning/_embedding.py'
adding 'geojax/learning/_features.py'
adding 'geojax/learning/_geometry.py'
adding 'geojax/learning/_inference.py'
adding 'geojax/learning/_metric.py'
adding 'geojax/learning/_regression.py'
adding 'geojax/learning/_response.py'
adding 'geojax/learning/_results.py'
adding 'geojax/learning/_robust.py'
adding 'geojax/learning/_scalable.py'
adding 'geojax/learning/_semisupervised.py'
adding 'geojax/learning/_statistics.py'
adding 'geojax/learning/_transport.py'
adding 'geojax/learning/_uncertainty.py'
adding 'geojax/learning/_utils.py'
adding 'geojax/optimization/__init__.py'
adding 'geojax/optimization/_conjugate_gradient.py'
adding 'geojax/optimization/_steepest_descent.py'
adding 'geojax/optimization/_tangent_cg.py'
adding 'geojax/optimization/adaptiveregularizationcubics.py'
adding 'geojax/optimization/alternatinggradient.py'
adding 'geojax/optimization/barzilaiborwein.py'
adding 'geojax/optimization/gaussnewton.py'
adding 'geojax/optimization/lbfgs.py'
adding 'geojax/optimization/levenbergmarquardt.py'
adding 'geojax/optimization/linesearch.py'
adding 'geojax/optimization/minimize.py'
adding 'geojax/optimization/neldermead.py'
adding 'geojax/optimization/newtoncg.py'
adding 'geojax/optimization/particleswarm.py'
adding 'geojax/optimization/problems.py'
adding 'geojax/optimization/stochasticgradient.py'
adding 'geojax/optimization/trustregions.py'
adding 'geojax-0.2.0.dist-info/licenses/LICENSE'
adding 'geojax-0.2.0.dist-info/METADATA'
adding 'geojax-0.2.0.dist-info/WHEEL'
adding 'geojax-0.2.0.dist-info/top_level.txt'
adding 'geojax-0.2.0.dist-info/RECORD'
removing build/bdist.macosx-12.1-arm64/wheel
Successfully built geojax-0.2.0.tar.gz and geojax-0.2.0-py3-none-any.whl
