
Validation step 1
Using Python 3.11.15 environment at: /Users/kisung/Desktop/develop/geojax/.tox/py311-min-float64
Resolved 1 package in 24ms
Prepared 1 package in 50ms
Uninstalled 1 package in 16ms
Installed 1 package in 4ms
 ~ geojax==0.2.0 (from file:///private/tmp/geojax-corrections/dist/geojax-0.2.0-py3-none-any.whl)

Validation step 2
/Users/kisung/Desktop/develop/geojax/.tox/py311-min-float64/lib/python3.11/site-packages/geojax/__init__.py

Validation step 3
============================= test session starts ==============================
platform darwin -- Python 3.11.15, pytest-9.0.3, pluggy-1.6.0
GeoJAX matrix: Python 3.11.15, JAX 0.6.0, NumPy 1.26.4, float64
rootdir: /Users/kisung/Desktop/develop/geojax
configfile: pyproject.toml
plugins: cov-7.1.0
collected 1117 items / 1 skipped

../../../../../Users/kisung/Desktop/develop/geojax/tests/test_benchmarks.py . [  0%]
                                                                         [  0%]
../../../../../Users/kisung/Desktop/develop/geojax/tests/test_correctness_audit.py . [  0%]
........................................                                 [  3%]
../../../../../Users/kisung/Desktop/develop/geojax/tests/test_correlation.py . [  3%]
.........                                                                [  4%]
../../../../../Users/kisung/Desktop/develop/geojax/tests/test_documentation.py . [  4%]
..........                                                               [  5%]
../../../../../Users/kisung/Desktop/develop/geojax/tests/test_elementary_geometries.py . [  5%]
.....                                                                    [  6%]
../../../../../Users/kisung/Desktop/develop/geojax/tests/test_generalized_geometry.py . [  6%]
.......                                                                  [  6%]
../../../../../Users/kisung/Desktop/develop/geojax/tests/test_geometry_interface.py . [  6%]
........................................................................ [ 13%]
........................................................................ [ 19%]
........................................................................ [ 26%]
........                                                                 [ 27%]
../../../../../Users/kisung/Desktop/develop/geojax/tests/test_grassmann.py . [ 27%]
...............                                                          [ 28%]
../../../../../Users/kisung/Desktop/develop/geojax/tests/test_hyperboloid_torus.py . [ 28%]
.....                                                                    [ 29%]
../../../../../Users/kisung/Desktop/develop/geojax/tests/test_jax_transformations.py . [ 29%]
....................................................................     [ 35%]
../../../../../Users/kisung/Desktop/develop/geojax/tests/test_learning.py . [ 35%]
.........................                                                [ 37%]
../../../../../Users/kisung/Desktop/develop/geojax/tests/test_learning_data.py . [ 37%]
........................................................................ [ 44%]
................................                                         [ 46%]
../../../../../Users/kisung/Desktop/develop/geojax/tests/test_learning_dictionary_robust_semisupervised.py . [ 47%]
..................                                                       [ 48%]
../../../../../Users/kisung/Desktop/develop/geojax/tests/test_learning_edge_contracts.py . [ 48%]
.......                                                                  [ 49%]
../../../../../Users/kisung/Desktop/develop/geojax/tests/test_learning_embedding_metric.py . [ 49%]
...............................................                          [ 53%]
../../../../../Users/kisung/Desktop/develop/geojax/tests/test_learning_geometry_audit.py . [ 53%]
.......                                                                  [ 54%]
../../../../../Users/kisung/Desktop/develop/geojax/tests/test_learning_statistics_clustering.py . [ 54%]
...........................                                              [ 56%]
../../../../../Users/kisung/Desktop/develop/geojax/tests/test_learning_supervised.py . [ 56%]
............................................                             [ 60%]
../../../../../Users/kisung/Desktop/develop/geojax/tests/test_learning_transport_inference.py . [ 60%]
................                                                         [ 62%]
../../../../../Users/kisung/Desktop/develop/geojax/tests/test_learning_uncertainty_scalable.py . [ 62%]
.................................                                        [ 65%]
../../../../../Users/kisung/Desktop/develop/geojax/tests/test_lie_groups.py . [ 65%]
.......                                                                  [ 66%]
../../../../../Users/kisung/Desktop/develop/geojax/tests/test_linesearch.py . [ 66%]
.....................                                                    [ 68%]
../../../../../Users/kisung/Desktop/develop/geojax/tests/test_logarithm_audit_fixes.py . [ 68%]
...................                                                      [ 69%]
../../../../../Users/kisung/Desktop/develop/geojax/tests/test_low_rank.py . [ 70%]
...............                                                          [ 71%]
../../../../../Users/kisung/Desktop/develop/geojax/tests/test_low_rank_audit_fixes.py . [ 71%]
........................................                                 [ 75%]
../../../../../Users/kisung/Desktop/develop/geojax/tests/test_numerical_stability.py . [ 75%]
........................................................................ [ 81%]
...................................                                      [ 84%]
../../../../../Users/kisung/Desktop/develop/geojax/tests/test_optimization.py . [ 84%]
.................................                                        [ 87%]
../../../../../Users/kisung/Desktop/develop/geojax/tests/test_optimization_extended.py . [ 87%]
....................                                                     [ 89%]
../../../../../Users/kisung/Desktop/develop/geojax/tests/test_optimizer_audit_fixes.py . [ 89%]
...                                                                      [ 89%]
../../../../../Users/kisung/Desktop/develop/geojax/tests/test_product.py . [ 90%]
....                                                                     [ 90%]
../../../../../Users/kisung/Desktop/develop/geojax/tests/test_release_contract.py . [ 90%]
.....                                                                    [ 90%]
../../../../../Users/kisung/Desktop/develop/geojax/tests/test_shape.py . [ 91%]
.....                                                                    [ 91%]
../../../../../Users/kisung/Desktop/develop/geojax/tests/test_shape_audit_fixes.py . [ 91%]
................