Using Python 3.12.13 environment at: /private/tmp/geojax-corrections/optional-ot
Resolved 20 packages in 389ms
Downloading pygments (1.2MiB)
Downloading jax (3.1MiB)
Downloading scipy (19.5MiB)
Downloading numpy (5.0MiB)
Downloading jaxlib (59.6MiB)
 Downloaded pygments
 Downloaded jax
 Downloaded numpy
 Downloaded jaxlib
 Downloaded scipy
Prepared 20 packages in 5.71s
Installed 20 packages in 266ms
 + absl-py==2.5.0
 + equinox==0.13.8
 + iniconfig==2.3.0
 + jax==0.11.0
 + jaxlib==0.11.0
 + jaxopt==0.8.5
 + jaxtyping==0.3.11
 + lineax==0.1.1
 + ml-dtypes==0.6.0
 + numpy==2.4.4
 + opt-einsum==3.4.0
 + optax==0.2.8
 + ott-jax==0.6.0
 + packaging==26.3
 + pluggy==1.6.0
 + pygments==2.21.0
 + pytest==9.1.1
 + scipy==1.18.1
 + typing-extensions==4.16.0
 + wadler-lindig==0.1.7
