
Validation step 1
Using Python 3.14.6 environment at: /Users/kisung/Desktop/develop/geojax/.tox/py314-stable-float64
Resolved 1 package in 25ms
Prepared 1 package in 3ms
Uninstalled 1 package in 11ms
Installed 1 package in 7ms
 ~ geojax==0.2.0 (from file:///private/tmp/geojax-corrections/dist/geojax-0.2.0-py3-none-any.whl)

Validation step 2
/Users/kisung/Desktop/develop/geojax/.tox/py314-stable-float64/lib/python3.14/site-packages/geojax/__init__.py
Installed module hash verification
{"package_root": "/Users/kisung/Desktop/develop/geojax/.tox/py314-stable-float64/lib/python3.14/site-packages/geojax", "installed_outside_checkout": true, "matches_frozen_manifest": true, "changed_files": [], "module_count": 66, "versions": {"python": "3.14.6 (main, Jul 18 2026, 17:05:49) [Clang 22.1.3 ]", "jax": "0.11.0", "jaxlib": "0.11.0", "numpy": "2.4.4"}}

Validation step 3
============================= test session starts ==============================
platform darwin -- Python 3.14.6, pytest-9.0.3, pluggy-1.6.0
GeoJAX matrix: Python 3.14.6, JAX 0.11.0, NumPy 2.4.4, float64
rootdir: /Users/kisung/Desktop/develop/geojax
configfile: pyproject.toml
plugins: cov-7.1.0
collected 1117 items / 1 skipped

../../../../../Users/kisung/Desktop/develop/geojax/tests/test_benchmarks.py . [  0%]
                                                                         [  0%]
../../../../../Users/kisung/Desktop/develop/geojax/tests/test_correctness_audit.py . [  0%]
........................................                                 [  3%]
../../../../../Users/kisung/Desktop/develop/geojax/tests/test_correlation.py . [  3%]
.........                                                                [  4%]
../../../../../Users/kisung/Desktop/develop/geojax/tests/test_documentation.py . [  4%]
..........                                                               [  5%]
../../../../../Users/kisung/Desktop/develop/geojax/tests/test_elementary_geometries.py . [  5%]
.....                                                                    [  6%]
../../../../../Users/kisung/Desktop/develop/geojax/tests/test_generalized_geometry.py . [  6%]
.......                                                                  [  6%]
../../../../../Users/kisung/Desktop/develop/geojax/tests/test_geometry_interface.py . [  6%]
........................................................................ [ 13%]
........................................................................ [ 19%]
........................................................................ [ 26%]
........                                                                 [ 27%]
../../../../../Users/kisung/Desktop/develop/geojax/tests/test_grassmann.py . [ 27%]
...............                                                          [ 28%]
../../../../../Users/kisung/Desktop/develop/geojax/tests/test_hyperboloid_torus.py . [ 28%]
.....                                                                    [ 29%]
../../../../../Users/kisung/Desktop/develop/geojax/tests/test_jax_transformations.py . [ 29%]
....................................................................     [ 35%]
../../../../../Users/kisung/Desktop/develop/geojax/tests/test_learning.py . [ 35%]
.........................                                                [ 37%]
../../../../../Users/kisung/Desktop/develop/geojax/tests/test_learning_data.py . [ 37%]
........................................................................ [ 44%]
................................                                         [ 46%]
../../../../../Users/kisung/Desktop/develop/geojax/tests/test_learning_dictionary_robust_semisupervised.py . [ 47%]
..................                                                       [ 48%]
../../../../../Users/kisung/Desktop/develop/geojax/tests/test_learning_edge_contracts.py . [ 48%]
.......                                                                  [ 49%]
../../../../../Users/kisung/Desktop/develop/geojax/tests/test_learning_embedding_metric.py . [ 49%]
...............................................                          [ 53%]
../../../../../Users/kisung/Desktop/develop/geojax/tests/test_learning_geometry_audit.py . [ 53%]
.......                                                                  [ 54%]
../../../../../Users/kisung/Desktop/develop/geojax/tests/test_learning_statistics_clustering.py . [ 54%]
...........................                                              [ 56%]
../../../../../Users/kisung/Desktop/develop/geojax/tests/test_learning_supervised.py . [ 56%]
............................................                             [ 60%]
../../../../../Users/kisung/Desktop/develop/geojax/tests/test_learning_transport_inference.py . [ 60%]
................                                                         [ 62%]
../../../../../Users/kisung/Desktop/develop/geojax/tests/test_learning_uncertainty_scalable.py . [ 62%]
.................................                                        [ 65%]
../../../../../Users/kisung/Desktop/develop/geojax/tests/test_lie_groups.py . [ 65%]
.......                                                                  [ 66%]
../../../../../Users/kisung/Desktop/develop/geojax/tests/test_linesearch.py . [ 66%]
.....................                                                    [ 68%]
../../../../../Users/kisung/Desktop/develop/geojax/tests/test_logarithm_audit_fixes.py . [ 68%]
..........