[-27.631021, -26.532409]
raw error 0.003027039178357449 jit error 0.003027039178357449 diag [9.9697258e-13 2.9952043e-12]
center error 6.498303539714811e-08 jit error 6.498303539714811e-08 diag [9.9999956e-13 2.9999974e-12]
[-80, -79]
raw error 0.00017287459991865983 jit error 0.00017287459991865983 diag [1.8045394e-35 4.9055136e-35]
center error 8.077653745885982e-08 jit error 8.077653745885982e-08 diag [1.8048513e-35 4.9060944e-35]
[-80, 0]
raw error 0.00017287459991865983 jit error 0.00017287459991865983 diag [1.8045394e-35 1.0000000e+00]
center error 0.00013899803161621094 jit error 0.00013899803161621094 diag [1.804727e-35 1.000139e+00]
[-80, 80]
raw error 0.00024275221240799283 jit error 0.00024275221240799283 diag [1.8045394e-35 5.5419674e+34]
center error 0.00024275221240799283 jit error 0.00024275221240799283 diag [1.8045394e-35 5.5419674e+34]
[79, 80]
raw error 0.00024275221240799283 jit error 0.00024275221240799283 diag [2.0386408e+34 5.5419674e+34]
center error 7.569911519844652e-08 jit error 7.569911519844652e-08 diag [2.038281e+34 5.540622e+34]
[-60, -20, 80]
raw error 0.00024275221240799283 jit error 0.00024275221240799283 diag [8.7565001e-27 2.0611504e-09 5.5419674e+34]
center error 0.00024275221240799283 jit error 0.00024275221240799283 diag [8.7565001e-27 2.0611504e-09 5.5419674e+34]
[0, 0]
raw error 0.0 jit error 0.0 diag [1. 1.]
center error 0.0 jit error 0.0 diag [1. 1.]
