tiny project/scale [[1. 0.]
 [0. 1.]]
belongs [True, True, True]
log [[-708.39641853    0.        ]
 [   0.         -708.39641853]]
sqrt/expected [[1. 0.]
 [0. 1.]]
sylvester [[0.5 0. ]
 [0.  0.5]]
sylvester derivative -1.0
logderiv 2.0
loghess -2.0000000000001097
large project/scale [[1. 0.]
 [0. 1.]]
belongs [True, True, True]
log [[709.49503082   0.        ]
 [  0.         709.49503082]]
sqrt/expected [[1. 0.]
 [0. 1.]]
sylvester [[0.5 0. ]
 [0.  0.5]]
sylvester derivative 0.0
logderiv 0.0
loghess 0.0
