tiny project/scale [[4.49423284e+297 0.00000000e+000]
 [0.00000000e+000 4.49423284e+297]]
belongs [False, False, False]
log [[-23.02585093   0.        ]
 [  0.         -23.02585093]]
sqrt/expected [[6.70390396e+148 0.00000000e+000]
 [0.00000000e+000 6.70390396e+148]]
sylvester [[nan nan]
 [nan nan]]
sylvester derivative nan
logderiv 0.0
loghess 0.0
large project/scale [[1. 0.]
 [0. 1.]]
belongs [False, False, False]
log [[709.49503082   0.        ]
 [  0.         709.49503082]]
sqrt/expected [[1. 0.]
 [0. 1.]]
sylvester [[0.5 0. ]
 [0.  0.5]]
sylvester derivative 0.0
logderiv 0.0
loghess 0.0
