.........FF                                                              [100%]
=================================== FAILURES ===================================
_ test_gradients_through_vmapped_exp_keep_inactive_scaling_steps_finite[shifts0] _

shifts = (0.1, 26.0)

    @pytest.mark.parametrize("shifts", [(0.1, 26.0), (-80.0, 80.0)])
    def test_gradients_through_vmapped_exp_keep_inactive_scaling_steps_finite(shifts):
        bases = jnp.asarray(shifts)[:, None, None] * jnp.eye(2)
        direction = jnp.array([[0.2, 0.3], [0.3, -0.1]])
        manifold = SPDLogEuclidean((2, 2))
    
        def single(base, time):
            return jnp.trace(manifold.expm(base + time * direction)) / jnp.exp(jnp.trace(base) / 2)
    
        def objective(time):
            return jnp.sum(jax.vmap(single, in_axes=(0, None))(bases, time))
    
        gradient = jax.jit(jax.grad(objective))(0.0)
        hessian = jax.jit(jax.grad(jax.grad(objective)))(0.0)
        np.testing.assert_allclose(gradient, 2 * jnp.trace(direction), rtol=8e-6, atol=0.0)
>       np.testing.assert_allclose(hessian, 2 * jnp.trace(direction @ direction), rtol=8e-6, atol=0.0)
E       AssertionError: 
E       Not equal to tolerance rtol=8e-06, atol=0
E       
E       nan location mismatch:
E        ACTUAL: array(nan)
E        DESIRED: array(0.46)

tests/test_spd_exponential_audit.py:108: AssertionError
_ test_gradients_through_vmapped_exp_keep_inactive_scaling_steps_finite[shifts1] _

shifts = (-80.0, 80.0)

    @pytest.mark.parametrize("shifts", [(0.1, 26.0), (-80.0, 80.0)])
    def test_gradients_through_vmapped_exp_keep_inactive_scaling_steps_finite(shifts):
        bases = jnp.asarray(shifts)[:, None, None] * jnp.eye(2)
        direction = jnp.array([[0.2, 0.3], [0.3, -0.1]])
        manifold = SPDLogEuclidean((2, 2))
    
        def single(base, time):
            return jnp.trace(manifold.expm(base + time * direction)) / jnp.exp(jnp.trace(base) / 2)
    
        def objective(time):
            return jnp.sum(jax.vmap(single, in_axes=(0, None))(bases, time))
    
        gradient = jax.jit(jax.grad(objective))(0.0)
        hessian = jax.jit(jax.grad(jax.grad(objective)))(0.0)
        np.testing.assert_allclose(gradient, 2 * jnp.trace(direction), rtol=8e-6, atol=0.0)
>       np.testing.assert_allclose(hessian, 2 * jnp.trace(direction @ direction), rtol=8e-6, atol=0.0)
E       AssertionError: 
E       Not equal to tolerance rtol=8e-06, atol=0
E       
E       nan location mismatch:
E        ACTUAL: array(nan)
E        DESIRED: array(0.46)

tests/test_spd_exponential_audit.py:108: AssertionError
=========================== short test summary info ============================
FAILED tests/test_spd_exponential_audit.py::test_gradients_through_vmapped_exp_keep_inactive_scaling_steps_finite[shifts0]
FAILED tests/test_spd_exponential_audit.py::test_gradients_through_vmapped_exp_keep_inactive_scaling_steps_finite[shifts1]
2 failed, 9 passed in 6.72s
