Traceback (most recent call last):
  File "/Users/kisung/Desktop/develop/geojax/.tox/py312-stable-float32/lib/python3.12/site-packages/jax/_src/interpreters/ad.py", line 350, in get_primitive_transpose
    return primitive_transposes[p]
           ~~~~~~~~~~~~~~~~~~~~^^^
KeyError: stop_gradient

The above exception was the direct cause of the following exception:

Traceback (most recent call last):
  File "/Users/kisung/Desktop/develop/geojax/.tox/py312-stable-float32/lib/python3.12/site-packages/jax/_src/scipy/linalg.py", line 1496, in _scan_f
    return lax.cond(i < n_squarings, _squaring_precise, _identity, c), None
jax._src.source_info_util.JaxStackTraceBeforeTransformation: NotImplementedError: Transpose rule (for reverse-mode differentiation) for 'stop_gradient' not implemented

The preceding stack trace is the source of the JAX operation that, once transformed by JAX, triggered the following exception.

--------------------

The above exception was the direct cause of the following exception:

Traceback (most recent call last):
  File "/private/tmp/geojax-corrections/probe_exp_vmap_ad.py", line 11, in <module>
    print(shifts, jax.jit(jax.grad(fn))(0.),jax.jit(jax.grad(jax.grad(fn)))(0.),flush=True)
                  ^^^^^^^^^^^^^^^^^^^^^^^^^
NotImplementedError: Transpose rule (for reverse-mode differentiation) for 'stop_gradient' not implemented
--------------------
For simplicity, JAX has removed its internal frames from the traceback of the following exception. Set JAX_TRACEBACK_FILTERING=off to include these.
