sha256  3383cc40adcfae26132a8b0c0bbcfba733383f3e0e2f04a4a15ea5ef8bc10b93  geojax-0.2.0-py3-none-any.whl
Processing /private/tmp/geojax-corrections/dist/geojax-0.2.0-py3-none-any.whl
WARNING: Retrying (Retry(total=4, connect=None, read=None, redirect=None, status=None)) after connection broken by 'NewConnectionError('<pip._vendor.urllib3.connection.HTTPSConnection object at 0x109976a50>: Failed to establish a new connection: [Errno 8] nodename nor servname provided, or not known')': /simple/jax/
WARNING: Retrying (Retry(total=3, connect=None, read=None, redirect=None, status=None)) after connection broken by 'NewConnectionError('<pip._vendor.urllib3.connection.HTTPSConnection object at 0x109b6a870>: Failed to establish a new connection: [Errno 8] nodename nor servname provided, or not known')': /simple/jax/
WARNING: Retrying (Retry(total=2, connect=None, read=None, redirect=None, status=None)) after connection broken by 'NewConnectionError('<pip._vendor.urllib3.connection.HTTPSConnection object at 0x109b4a1b0>: Failed to establish a new connection: [Errno 8] nodename nor servname provided, or not known')': /simple/jax/
WARNING: Retrying (Retry(total=1, connect=None, read=None, redirect=None, status=None)) after connection broken by 'NewConnectionError('<pip._vendor.urllib3.connection.HTTPSConnection object at 0x109b6aa50>: Failed to establish a new connection: [Errno 8] nodename nor servname provided, or not known')': /simple/jax/
WARNING: Retrying (Retry(total=0, connect=None, read=None, redirect=None, status=None)) after connection broken by 'NewConnectionError('<pip._vendor.urllib3.connection.HTTPSConnection object at 0x109b69760>: Failed to establish a new connection: [Errno 8] nodename nor servname provided, or not known')': /simple/jax/
INFO: pip is looking at multiple versions of geojax to determine which version is compatible with other requirements. This could take a while.
ERROR: Could not find a version that satisfies the requirement jax>=0.6 (from geojax) (from versions: none)
ERROR: No matching distribution found for jax>=0.6
Traceback (most recent call last):
  File "/Users/kisung/Desktop/develop/geojax/scripts/smoke_package.py", line 98, in <module>
    main()
  File "/Users/kisung/Desktop/develop/geojax/scripts/smoke_package.py", line 94, in main
    _check_artifact(artifact, expected_version)
  File "/Users/kisung/Desktop/develop/geojax/scripts/smoke_package.py", line 46, in _check_artifact
    subprocess.run(
  File "/Users/kisung/.local/share/uv/python/cpython-3.12.13-macos-aarch64-none/lib/python3.12/subprocess.py", line 571, in run
    raise CalledProcessError(retcode, process.args,
subprocess.CalledProcessError: Command '['/var/folders/d7/f3pc8_lj28s325sl08mrk43w0000gn/T/geojax-package-smoke-adgpr_pi/environment/bin/python', '-m', 'pip', 'install', '--disable-pip-version-check', '--force-reinstall', '/private/tmp/geojax-corrections/dist/geojax-0.2.0-py3-none-any.whl']' returned non-zero exit status 1.
sha256  3383cc40adcfae26132a8b0c0bbcfba733383f3e0e2f04a4a15ea5ef8bc10b93  geojax-0.2.0-py3-none-any.whl
Processing /private/tmp/geojax-corrections/dist/geojax-0.2.0-py3-none-any.whl
Collecting jax>=0.6 (from geojax==0.2.0)
  Downloading jax-0.11.1-py3-none-any.whl.metadata (13 kB)
Collecting numpy>=1.26 (from geojax==0.2.0)
  Downloading numpy-2.5.3-cp312-cp312-macosx_14_0_arm64.whl.metadata (6.6 kB)
Collecting jaxlib<=0.11.1,>=0.11.1 (from jax>=0.6->geojax==0.2.0)
  Downloading jaxlib-0.11.1-cp312-cp312-macosx_11_0_arm64.whl.metadata (1.3 kB)
Collecting ml_dtypes>=0.5.0 (from jax>=0.6->geojax==0.2.0)
  Downloading ml_dtypes-0.6.0-cp312-cp312-macosx_10_13_universal2.whl.metadata (8.8 kB)
Collecting opt_einsum (from jax>=0.6->geojax==0.2.0)
  Downloading opt_einsum-3.4.0-py3-none-any.whl.metadata (6.3 kB)
Collecting scipy>=1.15 (from jax>=0.6->geojax==0.2.0)
  Downloading scipy-1.18.1-cp312-cp312-macosx_14_0_arm64.whl.metadata (62 kB)
Downloading jax-0.11.1-py3-none-any.whl (3.3 MB)
   ━━━━━━━━━━━━━━━━━━━━━━━━━━━━━━━━━━━━━━━━ 3.3/3.3 MB 37.4 MB/s eta 0:00:00
Downloading numpy-2.5.3-cp312-cp312-macosx_14_0_arm64.whl (5.4 MB)
   ━━━━━━━━━━━━━━━━━━━━━━━━━━━━━━━━━━━━━━━━ 5.4/5.4 MB 51.2 MB/s eta 0:00:00
Downloading jaxlib-0.11.1-cp312-cp312-macosx_11_0_arm64.whl (63.2 MB)
   ━━━━━━━━━━━━━━━━━━━━━━━━━━━━━━━━━━━━━━━━ 63.2/63.2 MB 37.6 MB/s eta 0:00:00
Downloading ml_dtypes-0.6.0-cp312-cp312-macosx_10_13_universal2.whl (565 kB)
   ━━━━━━━━━━━━━━━━━━━━━━━━━━━━━━━━━━━━━━━━ 565.4/565.4 kB 10.3 MB/s eta 0:00:00
Downloading scipy-1.18.1-cp312-cp312-macosx_14_0_arm64.whl (20.5 MB)
   ━━━━━━━━━━━━━━━━━━━━━━━━━━━━━━━━━━━━━━━━ 20.5/20.5 MB 42.8 MB/s eta 0:00:00
Downloading opt_einsum-3.4.0-py3-none-any.whl (71 kB)
Installing collected packages: opt_einsum, numpy, scipy, ml_dtypes, jaxlib, jax, geojax
Successfully installed geojax-0.2.0 jax-0.11.1 jaxlib-0.11.1 ml_dtypes-0.6.0 numpy-2.5.3 opt_einsum-3.4.0 scipy-1.18.1
No broken requirements found.
geojax-0.2.0-py3-none-any.whl: imported GeoJAX 0.2.0 from /private/var/folders/d7/f3pc8_lj28s325sl08mrk43w0000gn/T/geojax-package-smoke-uia790cj/environment/lib/python3.12/site-packages/geojax
sha256  6eac00b36a558c37000feeab7fec7ebd1c1064da0f189ad2aa9f4443d56d6fec  geojax-0.2.0.tar.gz
Processing /private/tmp/geojax-corrections/dist/geojax-0.2.0.tar.gz
  Installing build dependencies: started
  Installing build dependencies: finished with status 'done'
  Getting requirements to build wheel: started
  Getting requirements to build wheel: finished with status 'done'
  Preparing metadata (pyproject.toml): started
  Preparing metadata (pyproject.toml): finished with status 'done'
Collecting jax>=0.6 (from geojax==0.2.0)
  Using cached jax-0.11.1-py3-none-any.whl.metadata (13 kB)
Collecting numpy>=1.26 (from geojax==0.2.0)
  Using cached numpy-2.5.3-cp312-cp312-macosx_14_0_arm64.whl.metadata (6.6 kB)
Collecting jaxlib<=0.11.1,>=0.11.1 (from jax>=0.6->geojax==0.2.0)
  Using cached jaxlib-0.11.1-cp312-cp312-macosx_11_0_arm64.whl.metadata (1.3 kB)
Collecting ml_dtypes>=0.5.0 (from jax>=0.6->geojax==0.2.0)
  Using cached ml_dtypes-0.6.0-cp312-cp312-macosx_10_13_universal2.whl.metadata (8.8 kB)
Collecting opt_einsum (from jax>=0.6->geojax==0.2.0)
  Using cached opt_einsum-3.4.0-py3-none-any.whl.metadata (6.3 kB)
Collecting scipy>=1.15 (from jax>=0.6->geojax==0.2.0)
  Using cached scipy-1.18.1-cp312-cp312-macosx_14_0_arm64.whl.metadata (62 kB)
Using cached jax-0.11.1-py3-none-any.whl (3.3 MB)
Using cached numpy-2.5.3-cp312-cp312-macosx_14_0_arm64.whl (5.4 MB)
Using cached jaxlib-0.11.1-cp312-cp312-macosx_11_0_arm64.whl (63.2 MB)
Using cached ml_dtypes-0.6.0-cp312-cp312-macosx_10_13_universal2.whl (565 kB)
Using cached scipy-1.18.1-cp312-cp312-macosx_14_0_arm64.whl (20.5 MB)
Using cached opt_einsum-3.4.0-py3-none-any.whl (71 kB)
Building wheels for collected packages: geojax
  Building wheel for geojax (pyproject.toml): started
  Building wheel for geojax (pyproject.toml): finished with status 'done'
  Created wheel for geojax: filename=geojax-0.2.0-py3-none-any.whl size=224415 sha256=542cf7a19bfa55528eae206ae5e8b4b4b5cb44ce0689433d869db383e94656e6
  Stored in directory: /private/tmp/geojax-corrections/pip-cache/wheels/0b/81/0e/c7e7ec908a48632d72168d35ada43f8f66228614a49d4e2d2b
Successfully built geojax
Installing collected packages: opt_einsum, numpy, scipy, ml_dtypes, jaxlib, jax, geojax
Successfully installed geojax-0.2.0 jax-0.11.1 jaxlib-0.11.1 ml_dtypes-0.6.0 numpy-2.5.3 opt_einsum-3.4.0 scipy-1.18.1
No broken requirements found.
geojax-0.2.0.tar.gz: imported GeoJAX 0.2.0 from /private/var/folders/d7/f3pc8_lj28s325sl08mrk43w0000gn/T/geojax-package-smoke-qzsgv2uh/environment/lib/python3.12/site-packages/geojax
