
Validation step 1
Using Python 3.12.13 environment at: /Users/kisung/Desktop/develop/geojax/.tox/py312-stable-float32
Resolved 1 package in 20ms
Prepared 1 package in 21ms
Uninstalled 1 package in 14ms
Installed 1 package in 4ms
 ~ geojax==0.2.0 (from file:///private/tmp/geojax-corrections/dist/geojax-0.2.0-py3-none-any.whl)

Validation step 2
/Users/kisung/Desktop/develop/geojax/.tox/py312-stable-float32/lib/python3.12/site-packages/geojax/__init__.py

Validation step 3
============================= test session starts ==============================
platform darwin -- Python 3.12.13, pytest-9.0.3, pluggy-1.6.0
GeoJAX matrix: Python 3.12.13, JAX 0.11.0, NumPy 2.4.4, float32
rootdir: /Users/kisung/Desktop/develop/geojax
configfile: pyproject.toml
plugins: cov-7.1.0
collected 1089 items / 1 skipped

../../../../../Users/kisung/Desktop/develop/geojax/tests/test_benchmarks.py . [  0%]
                                                                         [  0%]
../../../../../Users/kisung/Desktop/develop/geojax/tests/test_correctness_audit.py . [  0%]
........................................                                 [  3%]
../../../../../Users/kisung/Desktop/develop/geojax/tests/test_correlation.py . [  3%]
.........                                                                [  4%]
../../../../../Users/kisung/Desktop/develop/geojax/tests/test_documentation.py . [  4%]
..........                                                               [  5%]
../../../../../Users/kisung/Desktop/develop/geojax/tests/test_elementary_geometries.py . [  5%]
.....                                                                    [  6%]
../../../../../Users/kisung/Desktop/develop/geojax/tests/test_generalized_geometry.py . [  6%]
.......                                                                  [  7%]
../../../../../Users/kisung/Desktop/develop/geojax/tests/test_geometry_interface.py . [  7%]
........................................................................ [ 13%]
........................................................................ [ 20%]
........................................................................ [ 26%]
........                                                                 [ 27%]
../../../../../Users/kisung/Desktop/develop/geojax/tests/test_grassmann.py . [ 27%]
...............                                                          [ 29%]
../../../../../Users/kisung/Desktop/develop/geojax/tests/test_hyperboloid_torus.py . [ 29%]
.....                                                                    [ 29%]
../../../../../Users/kisung/Desktop/develop/geojax/tests/test_jax_transformations.py . [ 29%]
....................................................................     [ 36%]
../../../../../Users/kisung/Desktop/develop/geojax/tests/test_learning.py . [ 36%]
.........................                                                [ 38%]
../../../../../Users/kisung/Desktop/develop/geojax/tests/test_learning_data.py . [ 38%]
........................................................................ [ 45%]
................................                                         [ 48%]
../../../../../Users/kisung/Desktop/develop/geojax/tests/test_learning_dictionary_robust_semisupervised.py . [ 48%]
..................                                                       [ 49%]
../../../../../Users/kisung/Desktop/develop/geojax/tests/test_learning_edge_contracts.py . [ 49%]
.....F.                                                                  [ 50%]
../../../../../Users/kisung/Desktop/develop/geojax/tests/test_learning_embedding_metric.py . [ 50%]
.........s.....................................                          [ 55%]
../../../../../Users/kisung/Desktop/develop/geojax/tests/test_learning_geometry_audit.py . [ 55%]
..                                                                       [ 55%]
../../../../../Users/kisung/Desktop/develop/geojax/tests/test_learning_statistics_clustering.py . [ 55%]
...........................                                              [ 57%]
../../../../../Users/kisung/Desktop/develop/geojax/tests/test_learning_supervised.py . [ 57%]
............................................                             [ 61%]
../../../../../Users/kisung/Desktop/develop/geojax/tests/test_learning_transport_inference.py . [ 62%]
................                                                         [ 63%]
../../../../../Users/kisung/Desktop/develop/geojax/tests/test_learning_uncertainty_scalable.py . [ 63%]
.................................                                        [ 66%]
../../../../../Users/kisung/Desktop/develop/geojax/tests/test_lie_groups.py . [ 66%]
.......                                                                  [ 67%]
../../../../../Users/kisung/Desktop/develop/geojax/tests/test_linesearch.py . [ 67%]
.....................                                                    [ 69%]
../../../../../Users/kisung/Desktop/develop/geojax/tests/test_logarithm_audit_fixes.py . [ 69%]
...............                                                          [ 70%]
../../../../../Users/kisung/Desktop/develop/geojax/tests/test_low_rank.py . [ 70%]
...............                                                          [ 72%]
../../../../../Users/kisung/Desktop/develop/geojax/tests/test_low_rank_audit_fixes.py . [ 72%]
....................................                                     [ 75%]
../../../../../Users/kisung/Desktop/develop/geojax/tests/test_numerical_stability.py . [ 75%]
........................................................................ [ 82%]
...................................                                      [ 85%]
../../../../../Users/kisung/Desktop/develop/geojax/tests/test_optimization.py . [ 85%]
.................................                                        [ 88%]
../../../../../Users/kisung/Desktop/develop/geojax/tests/test_optimization_extended.py . [ 88%]
....................                                                     [ 90%]
../../../../../Users/kisung/Desktop/develop/geojax/tests/test_optimizer_audit_fixes.py . [ 90%]
...                                                                      [ 91%]
../../../../../Users/kisung/Desktop/develop/geojax/tests/test_product.py . [ 91%]
....                                                                     [ 91%]
../../../../../Users/kisung/Desktop/develop/geojax/tests/test_release_contract.py . [ 91%]
.....                                                                    [ 92%]
../../../../../Users/kisung/Desktop/develop/geojax/tests/test_shape.py . [ 92%]
.....                                                                    [ 92%]
../../../../../Users/kisung/Desktop/develop/geojax/tests/test_shape_audit_fixes.py . [ 92%]
..................