{
  "python": "3.12.13",
  "platform": "macOS-26.6.2-arm64-arm-64bit",
  "environment": "/private/tmp/geojax-corrections/latest-dependencies",
  "installed_package": "/private/tmp/geojax-corrections/latest-dependencies/lib/python3.12/site-packages/geojax",
  "versions": {
    "geojax": "0.2.0",
    "jax": "0.11.1",
    "jaxlib": "0.11.1",
    "numpy": "2.5.3",
    "scipy": "1.18.1",
    "pytest": "9.1.1",
    "ott-jax": "0.6.0",
    "equinox": "0.13.8",
    "lineax": "0.1.1",
    "optax": "0.2.8",
    "jaxopt": "0.8.5",
    "ml_dtypes": "0.6.0",
    "opt_einsum": "3.4.0"
  },
  "installed_source_hashes_match_frozen_source": true,
  "installed_python_files": 66,
  "test_files": [
    "test_correctness_audit.py",
    "test_learning_geometry_audit.py",
    "test_logarithm_audit_fixes.py",
    "test_low_rank_audit_fixes.py",
    "test_optimizer_audit_fixes.py",
    "test_optional_transport.py",
    "test_shape_audit_fixes.py",
    "test_spd_audit_fixes.py",
    "test_spd_projection_audit.py",
    "test_jax_transformations.py"
  ]
}
........................................................................ [ 32%]
........................................................................ [ 64%]
........................................................................ [ 96%]
........                                                                 [100%]
============================= slowest 10 durations =============================
16.96s call     tests/test_spd_audit_fixes.py::test_log_euclidean_maps_and_metric_have_finite_second_derivatives
13.24s call     tests/test_logarithm_audit_fixes.py::test_grassmann_log_noncommuting_feature_hessian_at_repeated_angles
12.55s call     tests/test_shape_audit_fixes.py::test_default_mean_of_balanced_shapes_is_geodesic_midpoint[2-False]
9.23s call     tests/test_shape_audit_fixes.py::test_default_mean_of_balanced_shapes_is_geodesic_midpoint[3-True]
8.30s call     tests/test_shape_audit_fixes.py::test_procrustes_rotation_and_horizontal_projection_equivariance_derivatives[2-False]
7.52s call     tests/test_shape_audit_fixes.py::test_procrustes_rotation_and_horizontal_projection_equivariance_derivatives[4-True]
6.91s call     tests/test_shape_audit_fixes.py::test_procrustes_rotation_and_horizontal_projection_equivariance_derivatives[3-False]
6.61s call     tests/test_low_rank_audit_fixes.py::test_jit_vmap_and_direct_batch_agree_for_regular_log_and_gradient
6.30s call     tests/test_shape_audit_fixes.py::test_original_balanced_planar_audit_mean
5.47s call     tests/test_low_rank_audit_fixes.py::test_bures_log_derivatives_are_invariant_under_extreme_unit_changes[-1-1]
224 passed in 362.23s (0:06:02)
{
  "precision": "float32",
  "exit_code": 0,
  "seconds": 364.14,
  "installed_package": "/private/tmp/geojax-corrections/latest-dependencies/lib/python3.12/site-packages/geojax",
  "source_shadowing": false,
  "test_files": [
    "test_correctness_audit.py",
    "test_learning_geometry_audit.py",
    "test_logarithm_audit_fixes.py",
    "test_low_rank_audit_fixes.py",
    "test_optimizer_audit_fixes.py",
    "test_optional_transport.py",
    "test_shape_audit_fixes.py",
    "test_spd_audit_fixes.py",
    "test_spd_projection_audit.py",
    "test_jax_transformations.py"
  ]
}
