START py312-stable-float32
START py312-stable-float64
FINISH py312-stable-float64 {'exit_codes': [0, 0, 2, 1], 'seconds': 10.84, 'log': 'audit/2026-09-10/corrections/full_py312-stable-float64.log'}
START py311-min-float64
FINISH py312-stable-float32 {'exit_codes': [0, 0, 2, 1], 'seconds': 11.53, 'log': 'audit/2026-09-10/corrections/full_py312-stable-float32.log'}
START py311-min-float32
FINISH py311-min-float64 {'exit_codes': [0, 0, 2, 1], 'seconds': 13.06, 'log': 'audit/2026-09-10/corrections/full_py311-min-float64.log'}
START py311-stable-float64
FINISH py311-min-float32 {'exit_codes': [0, 0, 2, 1], 'seconds': 12.38, 'log': 'audit/2026-09-10/corrections/full_py311-min-float32.log'}
START py311-stable-float32
FINISH py311-stable-float32 {'exit_codes': [0, 0, 2, 1], 'seconds': 13.03, 'log': 'audit/2026-09-10/corrections/full_py311-stable-float32.log'}
START py313-stable-float64
FINISH py311-stable-float64 {'exit_codes': [0, 0, 2, 1], 'seconds': 13.16, 'log': 'audit/2026-09-10/corrections/full_py311-stable-float64.log'}
START py313-stable-float32
FINISH py313-stable-float32 {'exit_codes': [0, 0, 2, 1], 'seconds': 13.08, 'log': 'audit/2026-09-10/corrections/full_py313-stable-float32.log'}
START py314-stable-float64
FINISH py313-stable-float64 {'exit_codes': [0, 0, 2, 1], 'seconds': 13.22, 'log': 'audit/2026-09-10/corrections/full_py313-stable-float64.log'}
START py314-stable-float32
FINISH py314-stable-float64 {'exit_codes': [0, 0, 2, 1], 'seconds': 10.65, 'log': 'audit/2026-09-10/corrections/full_py314-stable-float64.log'}
FINISH py314-stable-float32 {'exit_codes': [0, 0, 2, 1], 'seconds': 10.62, 'log': 'audit/2026-09-10/corrections/full_py314-stable-float32.log'}
SOURCE_UNCHANGED True
